Archive member included to satisfy reference by file (symbol)

../../lib/libopencm3/lib/libopencm3_stm32f4.a(dma_common_f24.o)
                              ./obj/sdiosubs.o (dma_clear_interrupt_flags)
../../lib/libopencm3/lib/libopencm3_stm32f4.a(gpio_common_all.o)
                              ./obj/miscsubs.o (gpio_set)
../../lib/libopencm3/lib/libopencm3_stm32f4.a(gpio_common_f0234.o)
                              ./obj/sdiosubs.o (gpio_mode_setup)
../../lib/libopencm3/lib/libopencm3_stm32f4.a(pwr_common_v1.o)
                              ./obj/rtcsubs.o (pwr_disable_backup_domain_write_protect)
../../lib/libopencm3/lib/libopencm3_stm32f4.a(rcc_common_all.o)
                              ./obj/sdiosubs.o (rcc_peripheral_reset)
../../lib/libopencm3/lib/libopencm3_stm32f4.a(rcc.o)
                              ./obj/rtcsubs.o (rcc_wait_for_osc_ready)
../../lib/libopencm3/lib/libopencm3_stm32f4.a(rtc_common_l1f024.o)
                              ./obj/rtcsubs.o (rtc_set_prescaler)
../../lib/libopencm3/lib/libopencm3_stm32f4.a(rtc.o)
                              ./obj/rtcsubs.o (rtc_disable_wakeup_timer_interrupt)
../../lib/libopencm3/lib/libopencm3_stm32f4.a(timer_common_all.o)
                              ./obj/miscsubs.o (timer_one_shot_mode)
../../lib/libopencm3/lib/libopencm3_stm32f4.a(usb.o)
                              ./obj/usbcdc.o (usbd_init)
../../lib/libopencm3/lib/libopencm3_stm32f4.a(usb_standard.o)
                              ./obj/usbcdc.o (usbd_register_set_config_callback)
../../lib/libopencm3/lib/libopencm3_stm32f4.a(usb_control.o)
                              ./obj/usbcdc.o (usbd_register_control_callback)
../../lib/libopencm3/lib/libopencm3_stm32f4.a(usb_f107.o)
                              ./obj/usbcdc.o (stm32f107_usb_driver)
../../lib/libopencm3/lib/libopencm3_stm32f4.a(vector.o)
                              (reset_handler)
../../lib/libopencm3/lib/libopencm3_stm32f4.a(systick.o)
                              ./obj/miscsubs.o (systick_set_reload)
../../lib/libopencm3/lib/libopencm3_stm32f4.a(nvic.o)
                              ./obj/sdiosubs.o (nvic_enable_irq)
../../lib/libopencm3/lib/libopencm3_stm32f4.a(exti_common_all.o)
                              ../../lib/libopencm3/lib/libopencm3_stm32f4.a(rtc.o) (exti_set_trigger)
../../lib/libopencm3/lib/libopencm3_stm32f4.a(flash_common_all.o)
                              ../../lib/libopencm3/lib/libopencm3_stm32f4.a(rcc.o) (flash_set_ws)
../../lib/libopencm3/lib/libopencm3_stm32f4.a(flash_common_idcache.o)
                              ../../lib/libopencm3/lib/libopencm3_stm32f4.a(rcc.o) (flash_dcache_enable)
../../lib/libopencm3/lib/libopencm3_stm32f4.a(pwr.o)
                              ../../lib/libopencm3/lib/libopencm3_stm32f4.a(rcc.o) (pwr_set_vos_scale)
../../lib/libopencm3/lib/libopencm3_stm32f4.a(usb_dwc_common.o)
                              ../../lib/libopencm3/lib/libopencm3_stm32f4.a(usb_f107.o) (dwc_set_address)
/usr/lib/gcc/arm-none-eabi/12.2.0/../../../../arm-none-eabi/lib/thumb/v7e-m+fp/hard/libc.a(libc_a-atoi.o)
                              ./obj/rtcsubs.o (atoi)
/usr/lib/gcc/arm-none-eabi/12.2.0/../../../../arm-none-eabi/lib/thumb/v7e-m+fp/hard/libc.a(libc_a-strtol.o)
                              /usr/lib/gcc/arm-none-eabi/12.2.0/../../../../arm-none-eabi/lib/thumb/v7e-m+fp/hard/libc.a(libc_a-atoi.o) (_strtol_r)
/usr/lib/gcc/arm-none-eabi/12.2.0/../../../../arm-none-eabi/lib/thumb/v7e-m+fp/hard/libc.a(libc_a-strtoul.o)
                              ./obj/tapeutil.o (strtoul)
/usr/lib/gcc/arm-none-eabi/12.2.0/../../../../arm-none-eabi/lib/thumb/v7e-m+fp/hard/libc.a(libc_a-ctype_.o)
                              ./obj/cli.o (_ctype_)
/usr/lib/gcc/arm-none-eabi/12.2.0/../../../../arm-none-eabi/lib/thumb/v7e-m+fp/hard/libc.a(libc_a-memcmp.o)
                              ./obj/ff.o (memcmp)
/usr/lib/gcc/arm-none-eabi/12.2.0/../../../../arm-none-eabi/lib/thumb/v7e-m+fp/hard/libc.a(libc_a-memset.o)
                              ./obj/ff.o (memset)
/usr/lib/gcc/arm-none-eabi/12.2.0/../../../../arm-none-eabi/lib/thumb/v7e-m+fp/hard/libc.a(libc_a-strcat.o)
                              ./obj/tapeutil.o (strcat)
/usr/lib/gcc/arm-none-eabi/12.2.0/../../../../arm-none-eabi/lib/thumb/v7e-m+fp/hard/libc.a(libc_a-strchr.o)
                              ./obj/ff.o (strchr)
/usr/lib/gcc/arm-none-eabi/12.2.0/../../../../arm-none-eabi/lib/thumb/v7e-m+fp/hard/libc.a(libc_a-strncpy.o)
                              ./obj/ymodem.o (strncpy)
/usr/lib/gcc/arm-none-eabi/12.2.0/../../../../arm-none-eabi/lib/thumb/v7e-m+fp/hard/libc.a(libc_a-strtok.o)
                              ./obj/cli.o (strtok)
/usr/lib/gcc/arm-none-eabi/12.2.0/../../../../arm-none-eabi/lib/thumb/v7e-m+fp/hard/libc.a(libc_a-strtok_r.o)
                              /usr/lib/gcc/arm-none-eabi/12.2.0/../../../../arm-none-eabi/lib/thumb/v7e-m+fp/hard/libc.a(libc_a-strtok.o) (__strtok_r)
[...]
Memory Configuration

Name             Origin             Length             Attributes
rom              0x0000000008000000 0x0000000000100000 xr
ram              0x0000000020000000 0x0000000000020000 xrw
*default*        0x0000000000000000 0xffffffffffffffff

Linker script and memory map

LOAD ./obj/main.o
LOAD ./obj/cli.o
LOAD ./obj/dbserial.o
LOAD ./obj/sdiosubs.o
LOAD ./obj/uart.o
LOAD ./obj/comm.o
LOAD ./obj/diskio.o
LOAD ./obj/ffunicode.o
LOAD ./obj/miscsubs.o
LOAD ./obj/tapedriver.o
LOAD ./obj/usbcdc.o
LOAD ./obj/crc16.o
LOAD ./obj/ff.o
LOAD ./obj/filesub.o
LOAD ./obj/rtcsubs.o
LOAD ./obj/tapeutil.o
LOAD ./obj/ymodem.o
LOAD ../../lib/libopencm3/lib/libopencm3_stm32f4.a
START GROUP
LOAD /usr/lib/gcc/arm-none-eabi/12.2.0/../../../../arm-none-eabi/lib/thumb/v7e-m+fp/hard/libc.a
LOAD /usr/lib/gcc/arm-none-eabi/12.2.0/thumb/v7e-m+fp/hard/libgcc.a
LOAD /usr/lib/gcc/arm-none-eabi/12.2.0/../../../../arm-none-eabi/lib/thumb/v7e-m+fp/hard/libnosys.a
END GROUP
START GROUP
LOAD /usr/lib/gcc/arm-none-eabi/12.2.0/thumb/v7e-m+fp/hard/libgcc.a
LOAD /usr/lib/gcc/arm-none-eabi/12.2.0/../../../../arm-none-eabi/lib/thumb/v7e-m+fp/hard/libc.a
END GROUP

.text           0x0000000008000000     0x95c0
 *(.vectors)
 .vectors       0x0000000008000000      0x1ac ../../lib/libopencm3/lib/libopencm3_stm32f4.a(vector.o)
                0x0000000008000000                vector_table
 *(.text*)
 .text.startup.main
                0x00000000080001ac       0x94 ./obj/main.o
                0x00000000080001ac                main
 .text.ShowHelp
                0x0000000008000240       0xc8 ./obj/cli.o
 .text.SetDateTime
                0x0000000008000308        0x4 ./obj/cli.o
 .text.ProcessCommand
                0x000000000800030c       0xb4 ./obj/cli.o
                0x000000000800030c                ProcessCommand
 .text.SD_Command
                0x00000000080003c0       0x78 ./obj/sdiosubs.o
 .text.SD_BeginTransfer
                0x0000000008000438      0x160 ./obj/sdiosubs.o
 .text.SD_Reset
                0x0000000008000598       0x44 ./obj/sdiosubs.o
                0x0000000008000598                SD_Reset
 .text.SD_Init  0x00000000080005dc      0x1e0 ./obj/sdiosubs.o
                0x00000000080005dc                SD_Init
 .text.SD_GetCardSize
                0x00000000080007bc        0xc ./obj/sdiosubs.o
                0x00000000080007bc                SD_GetCardSize
 .text.SD_WaitComplete
                0x00000000080007c8       0x64 ./obj/sdiosubs.o
                0x00000000080007c8                SD_WaitComplete
 .text.SD_WriteBlocks
                0x000000000800082c       0x98 ./obj/sdiosubs.o
                0x000000000800082c                SD_WriteBlocks
 .text.SD_ReadBlocks
                0x00000000080008c4       0x80 ./obj/sdiosubs.o
                0x00000000080008c4                SD_ReadBlocks
 .text.dma2_stream3_isr
                0x0000000008000944       0x2c ./obj/sdiosubs.o
                0x0000000008000944                dma2_stream3_isr
 .text.sdio_isr
                0x0000000008000970       0x48 ./obj/sdiosubs.o
                0x0000000008000970                sdio_isr
 .text.Numout   0x00000000080009b8       0xa0 ./obj/comm.o
 .text.InitACM  0x0000000008000a58        0xe ./obj/comm.o
                0x0000000008000a58                InitACM
 .text.Ugetchar
                0x0000000008000a66        0xa ./obj/comm.o
                0x0000000008000a66                Ugetchar
 .text.Ucharavail
                0x0000000008000a70        0x4 ./obj/comm.o
                0x0000000008000a70                Ucharavail
 .text.Uprintf  0x0000000008000a74       0xbc ./obj/comm.o
                0x0000000008000a74                Uprintf
 .text.Ugets    0x0000000008000b30       0x5c ./obj/comm.o
                0x0000000008000b30                Ugets
 .text.disk_status
                0x0000000008000b8c        0x4 ./obj/diskio.o
                0x0000000008000b8c                disk_status
 .text.disk_initialize
                0x0000000008000b90       0x18 ./obj/diskio.o
                0x0000000008000b90                disk_initialize
 .text.disk_read
                0x0000000008000ba8       0x6c ./obj/diskio.o
                0x0000000008000ba8                disk_read
 .text.disk_write
                0x0000000008000c14       0x6c ./obj/diskio.o
                0x0000000008000c14                disk_write
 .text.disk_ioctl
                0x0000000008000c80       0x2a ./obj/diskio.o
                0x0000000008000c80                disk_ioctl
 .text.get_fattime
                0x0000000008000caa        0x4 ./obj/diskio.o
                0x0000000008000caa                get_fattime
 *fill*         0x0000000008000cae        0x2 
 .text.ff_uni2oem
                0x0000000008000cb0       0x3c ./obj/ffunicode.o
                0x0000000008000cb0                ff_uni2oem
 .text.ff_oem2uni
                0x0000000008000cec       0x28 ./obj/ffunicode.o
                0x0000000008000cec                ff_oem2uni
 .text.ff_wtoupper
                0x0000000008000d14       0x90 ./obj/ffunicode.o
                0x0000000008000d14                ff_wtoupper
 .text.InitGPIO
                0x0000000008000da4       0xe8 ./obj/miscsubs.o
                0x0000000008000da4                InitGPIO
 .text.ShowBuffer
                0x0000000008000e8c       0x88 ./obj/miscsubs.o
                0x0000000008000e8c                ShowBuffer
 .text.DelaySetup
                0x0000000008000f14       0x40 ./obj/miscsubs.o
                0x0000000008000f14                DelaySetup
 .text.Delay    0x0000000008000f54       0x1c ./obj/miscsubs.o
                0x0000000008000f54                Delay
 .text.sys_tick_handler
                0x0000000008000f70       0x24 ./obj/miscsubs.o
                0x0000000008000f70                sys_tick_handler
 .text.SetupSysTick
                0x0000000008000f94       0x28 ./obj/miscsubs.o
                0x0000000008000f94                SetupSysTick
 .text.TapeStatus
                0x0000000008000fbc       0x5c ./obj/tapedriver.o
                0x0000000008000fbc                TapeStatus
 .text.TapeInit
                0x0000000008001018       0x8c ./obj/tapedriver.o
                0x0000000008001018                TapeInit
 .text.IsTapeOnline
                0x00000000080010a4        0xc ./obj/tapedriver.o
                0x00000000080010a4                IsTapeOnline
 .text.IsTapeProtected
                0x00000000080010b0        0xc ./obj/tapedriver.o
                0x00000000080010b0                IsTapeProtected
 .text.IssueTapeCommand
                0x00000000080010bc       0x94 ./obj/tapedriver.o
                0x00000000080010bc                IssueTapeCommand
 .text.TapeRewind
                0x0000000008001150       0x30 ./obj/tapedriver.o
                0x0000000008001150                TapeRewind
 .text.TapeUnload
                0x0000000008001180       0x1e ./obj/tapedriver.o
                0x0000000008001180                TapeUnload
 .text.TapeMotion
                0x000000000800119e       0x60 ./obj/tapedriver.o
 .text.SkipBlock
                0x00000000080011fe       0x10 ./obj/tapedriver.o
                0x00000000080011fe                SkipBlock
 .text.SpaceFile
                0x000000000800120e       0x10 ./obj/tapedriver.o
                0x000000000800120e                SpaceFile
 *fill*         0x000000000800121e        0x2 
 .text.TapeRead
                0x0000000008001220      0x10c ./obj/tapedriver.o
                0x0000000008001220                TapeRead
 .text.TapeWrite
                0x000000000800132c      0x130 ./obj/tapedriver.o
                0x000000000800132c                TapeWrite
 .text.SetTapeAddress
                0x000000000800145c       0x2c ./obj/tapedriver.o
                0x000000000800145c                SetTapeAddress
 .text.cdcacm_control_request
                0x0000000008001488       0x1c ./obj/usbcdc.o
 .text.cdcacm_set_config
                0x00000000080014a4       0x54 ./obj/usbcdc.o
 .text.cdcacm_data_rx_cb
                0x00000000080014f8       0x50 ./obj/usbcdc.o
 .text.usb_fs_wkup_isr
                0x0000000008001548        0xc ./obj/usbcdc.o
                0x0000000008001548                usb_fs_wkup_isr
 .text.USInit   0x0000000008001554       0x90 ./obj/usbcdc.o
                0x0000000008001554                USInit
 .text.USClear  0x00000000080015e4       0x14 ./obj/usbcdc.o
                0x00000000080015e4                USClear
 .text.USGetchar
                0x00000000080015f8       0x48 ./obj/usbcdc.o
                0x00000000080015f8                USGetchar
 .text.USCharReady
                0x0000000008001640       0x30 ./obj/usbcdc.o
                0x0000000008001640                USCharReady
 .text.USPuts   0x0000000008001670       0x64 ./obj/usbcdc.o
                0x0000000008001670                USPuts
 .text.USPutchar
                0x00000000080016d4       0x54 ./obj/usbcdc.o
                0x00000000080016d4                USPutchar
 .text.USWritechar
                0x0000000008001728       0x34 ./obj/usbcdc.o
                0x0000000008001728                USWritechar
 .text.USWriteBlock
                0x000000000800175c       0x40 ./obj/usbcdc.o
                0x000000000800175c                USWriteBlock
 .text.CRC16    0x000000000800179c       0x2c ./obj/crc16.o
                0x000000000800179c                CRC16
 .text.ld_dword
                0x00000000080017c8        0x4 ./obj/ff.o
 .text.ld_qword
                0x00000000080017cc        0x8 ./obj/ff.o
 .text.st_dword
                0x00000000080017d4       0x10 ./obj/ff.o
 .text.st_qword
                0x00000000080017e4       0x1e ./obj/ff.o
 *fill*         0x0000000008001802        0x2 
 .text.tchar2uni
                0x0000000008001804       0xa0 ./obj/ff.o
 .text.clst2sect
                0x00000000080018a4       0x16 ./obj/ff.o
 .text.clmt_clust
                0x00000000080018ba       0x30 ./obj/ff.o
 .text.sum_sfn  0x00000000080018ea       0x1e ./obj/ff.o
 .text.xdir_sum
                0x0000000008001908       0x2a ./obj/ff.o
 *fill*         0x0000000008001932        0x2 
 .text.get_ldnumber
                0x0000000008001934       0x34 ./obj/ff.o
 .text.validate
                0x0000000008001968       0x34 ./obj/ff.o
 .text.sync_window
                0x000000000800199c       0x42 ./obj/ff.o
 .text.xname_sum
                0x00000000080019de       0x32 ./obj/ff.o
 .text.get_achar
                0x0000000008001a10       0x14 ./obj/ff.o
 .text.pattern_match
                0x0000000008001a24       0x9c ./obj/ff.o
 .text.put_utf  0x0000000008001ac0       0xba ./obj/ff.o
 .text.get_fileinfo
                0x0000000008001b7a      0x1d2 ./obj/ff.o
 .text.st_clust
                0x0000000008001d4c       0x18 ./obj/ff.o
 .text.move_window
                0x0000000008001d64       0x32 ./obj/ff.o
 *fill*         0x0000000008001d96        0x2 
 .text.check_fs
                0x0000000008001d98       0xe4 ./obj/ff.o
 .text.change_bitmap
                0x0000000008001e7c       0x7a ./obj/ff.o
 .text.get_fat  0x0000000008001ef6      0x12c ./obj/ff.o
 .text.dir_sdi  0x0000000008002022       0x90 ./obj/ff.o
 .text.put_fat  0x00000000080020b2       0xfc ./obj/ff.o
 .text.fill_last_frag
                0x00000000080021ae       0x30 ./obj/ff.o
 .text.fill_first_frag
                0x00000000080021de       0x30 ./obj/ff.o
 .text.remove_chain
                0x000000000800220e       0xfe ./obj/ff.o
 .text.dir_clear
                0x000000000800230c       0x52 ./obj/ff.o
 .text.sync_fs  0x000000000800235e       0x96 ./obj/ff.o
 .text.mount_volume
                0x00000000080023f4      0x3a8 ./obj/ff.o
 .text.create_chain
                0x000000000800279c      0x1fe ./obj/ff.o
 .text.dir_next
                0x000000000800299a       0xbc ./obj/ff.o
 .text.dir_alloc
                0x0000000008002a56       0x50 ./obj/ff.o
 .text.dir_remove
                0x0000000008002aa6       0x52 ./obj/ff.o
 .text.load_xdir
                0x0000000008002af8       0xd8 ./obj/ff.o
 .text.load_obj_xdir
                0x0000000008002bd0       0x32 ./obj/ff.o
 .text.store_xdir
                0x0000000008002c02       0x5e ./obj/ff.o
 .text.dir_read.constprop.0
                0x0000000008002c60      0x108 ./obj/ff.o
 .text.dir_find
                0x0000000008002d68      0x1c0 ./obj/ff.o
 .text.dir_register
                0x0000000008002f28      0x37c ./obj/ff.o
 .text.init_alloc_info.isra.0
                0x00000000080032a4       0x2a ./obj/ff.o
 .text.ld_clust.isra.0
                0x00000000080032ce       0x10 ./obj/ff.o
 *fill*         0x00000000080032de        0x2 
 .text.follow_path
                0x00000000080032e0      0x3a8 ./obj/ff.o
 .text.f_mount  0x0000000008003688       0x50 ./obj/ff.o
                0x0000000008003688                f_mount
 .text.f_open   0x00000000080036d8      0x284 ./obj/ff.o
                0x00000000080036d8                f_open
 .text.f_read   0x000000000800395c      0x19c ./obj/ff.o
                0x000000000800395c                f_read
 .text.f_write  0x0000000008003af8      0x1d8 ./obj/ff.o
                0x0000000008003af8                f_write
 .text.f_sync   0x0000000008003cd0      0x134 ./obj/ff.o
                0x0000000008003cd0                f_sync
 .text.f_close  0x0000000008003e04       0x1a ./obj/ff.o
                0x0000000008003e04                f_close
 .text.f_chdir  0x0000000008003e1e       0x8e ./obj/ff.o
                0x0000000008003e1e                f_chdir
 .text.f_getcwd
                0x0000000008003eac      0x11e ./obj/ff.o
                0x0000000008003eac                f_getcwd
 .text.f_opendir
                0x0000000008003fca       0x88 ./obj/ff.o
                0x0000000008003fca                f_opendir
 .text.f_closedir
                0x0000000008004052       0x12 ./obj/ff.o
                0x0000000008004052                f_closedir
 .text.f_readdir
                0x0000000008004064       0x44 ./obj/ff.o
                0x0000000008004064                f_readdir
 .text.f_findnext
                0x00000000080040a8       0x38 ./obj/ff.o
                0x00000000080040a8                f_findnext
 .text.f_findfirst
                0x00000000080040e0       0x1e ./obj/ff.o
                0x00000000080040e0                f_findfirst
 .text.f_getfree
                0x00000000080040fe      0x130 ./obj/ff.o
                0x00000000080040fe                f_getfree
 .text.f_unlink
                0x000000000800422e       0xc4 ./obj/ff.o
                0x000000000800422e                f_unlink
 .text.f_mkdir  0x00000000080042f2      0x178 ./obj/ff.o
                0x00000000080042f2                f_mkdir
 *fill*         0x000000000800446a        0x2 
 .text.MountSD  0x000000000800446c       0x50 ./obj/filesub.o
                0x000000000800446c                MountSD
 .text.ChangeDir
                0x00000000080044bc       0x38 ./obj/filesub.o
                0x00000000080044bc                ChangeDir
 .text.MakeDir  0x00000000080044f4       0x28 ./obj/filesub.o
                0x00000000080044f4                MakeDir
 .text.ShowFiles
                0x000000000800451c      0x118 ./obj/filesub.o
                0x000000000800451c                ShowFiles
 .text.DeleteFile
                0x0000000008004634       0x78 ./obj/filesub.o
                0x0000000008004634                DeleteFile
 .text.GetFile  0x00000000080046ac       0x60 ./obj/filesub.o
                0x00000000080046ac                GetFile
 .text.SendFile
                0x000000000800470c       0x6c ./obj/filesub.o
                0x000000000800470c                SendFile
 .text.GetRTCDateTime
                0x0000000008004778       0x8c ./obj/rtcsubs.o
 .text.SetRTCDateTime
                0x0000000008004804       0xf8 ./obj/rtcsubs.o
 .text.ConfigRTC
                0x00000000080048fc       0x88 ./obj/rtcsubs.o
                0x00000000080048fc                ConfigRTC
 .text.ShowRTCTime
                0x0000000008004984       0x20 ./obj/rtcsubs.o
                0x0000000008004984                ShowRTCTime
 .text.ShowRTCDate
                0x00000000080049a4       0x24 ./obj/rtcsubs.o
                0x00000000080049a4                ShowRTCDate
 .text.SetRTCTime
                0x00000000080049c8      0x10c ./obj/rtcsubs.o
                0x00000000080049c8                SetRTCTime
 .text.InitializeRTC
                0x0000000008004ad4       0x54 ./obj/rtcsubs.o
                0x0000000008004ad4                InitializeRTC
 .text.GetRTCDOSTime
                0x0000000008004b28       0x34 ./obj/rtcsubs.o
                0x0000000008004b28                GetRTCDOSTime
 .text.TranslateError
                0x0000000008004b5c       0x28 ./obj/tapeutil.o
 .text.FlushRecordCount
                0x0000000008004b84       0x2c ./obj/tapeutil.o
 .text.CheckForEscape
                0x0000000008004bb0       0x24 ./obj/tapeutil.o
 .text.AddRecordCount
                0x0000000008004bd4       0x54 ./obj/tapeutil.o
 .text.CmdShowStatus
                0x0000000008004c28       0x4c ./obj/tapeutil.o
                0x0000000008004c28                CmdShowStatus
 .text.ShowBriefStatus
                0x0000000008004c74       0x64 ./obj/tapeutil.o
                0x0000000008004c74                ShowBriefStatus
 .text.CmdSetAddr
                0x0000000008004cd8       0x24 ./obj/tapeutil.o
                0x0000000008004cd8                CmdSetAddr
 .text.CmdSetStop
                0x0000000008004cfc       0x88 ./obj/tapeutil.o
                0x0000000008004cfc                CmdSetStop
 .text.CmdInitTape
                0x0000000008004d84        0x4 ./obj/tapeutil.o
                0x0000000008004d84                CmdInitTape
 .text.CmdRewindTape
                0x0000000008004d88       0x2c ./obj/tapeutil.o
                0x0000000008004d88                CmdRewindTape
 .text.CmdUnloadTape
                0x0000000008004db4       0x20 ./obj/tapeutil.o
                0x0000000008004db4                CmdUnloadTape
 .text.CmdReadForward
                0x0000000008004dd4       0x78 ./obj/tapeutil.o
                0x0000000008004dd4                CmdReadForward
 .text.CmdSkip  0x0000000008004e4c       0x8c ./obj/tapeutil.o
                0x0000000008004e4c                CmdSkip
 .text.CmdSpace
                0x0000000008004ed8       0x68 ./obj/tapeutil.o
                0x0000000008004ed8                CmdSpace
 .text.CmdTapeDebug
                0x0000000008004f40       0x28 ./obj/tapeutil.o
                0x0000000008004f40                CmdTapeDebug
 .text.CmdCreateImage
                0x0000000008004f68      0x2a0 ./obj/tapeutil.o
                0x0000000008004f68                CmdCreateImage
 .text.CmdWriteImage
                0x0000000008005208      0x1e0 ./obj/tapeutil.o
                0x0000000008005208                CmdWriteImage
 .text.GetByte.constprop.0
                0x00000000080053e8       0x28 ./obj/ymodem.o
 .text.SendPacket.constprop.0.isra.0
                0x0000000008005410       0x5c ./obj/ymodem.o
 .text.SendYmodem
                0x000000000800546c      0x1e0 ./obj/ymodem.o
                0x000000000800546c                SendYmodem
 .text.ReceiveYmodem
                0x000000000800564c      0x1e0 ./obj/ymodem.o
                0x000000000800564c                ReceiveYmodem
 .text.dma_clear_interrupt_flags
                0x000000000800582c       0x1e ../../lib/libopencm3/lib/libopencm3_stm32f4.a(dma_common_f24.o)
                0x000000000800582c                dma_clear_interrupt_flags
 .text.dma_get_interrupt_flag
                0x000000000800584a       0x28 ../../lib/libopencm3/lib/libopencm3_stm32f4.a(dma_common_f24.o)
                0x000000000800584a                dma_get_interrupt_flag
 .text.dma_set_transfer_mode
                0x0000000008005872       0x20 ../../lib/libopencm3/lib/libopencm3_stm32f4.a(dma_common_f24.o)
                0x0000000008005872                dma_set_transfer_mode
 .text.dma_set_priority
                0x0000000008005892       0x18 ../../lib/libopencm3/lib/libopencm3_stm32f4.a(dma_common_f24.o)
                0x0000000008005892                dma_set_priority
 .text.dma_set_memory_size
                0x00000000080058aa       0x18 ../../lib/libopencm3/lib/libopencm3_stm32f4.a(dma_common_f24.o)
                0x00000000080058aa                dma_set_memory_size
 .text.dma_set_peripheral_size
                0x00000000080058c2       0x18 ../../lib/libopencm3/lib/libopencm3_stm32f4.a(dma_common_f24.o)
                0x00000000080058c2                dma_set_peripheral_size
 .text.dma_enable_memory_increment_mode
                0x00000000080058da       0x12 ../../lib/libopencm3/lib/libopencm3_stm32f4.a(dma_common_f24.o)
                0x00000000080058da                dma_enable_memory_increment_mode
 .text.dma_disable_peripheral_increment_mode
                0x00000000080058ec       0x12 ../../lib/libopencm3/lib/libopencm3_stm32f4.a(dma_common_f24.o)
                0x00000000080058ec                dma_disable_peripheral_increment_mode
 .text.dma_channel_select
                0x00000000080058fe       0x10 ../../lib/libopencm3/lib/libopencm3_stm32f4.a(dma_common_f24.o)
                0x00000000080058fe                dma_channel_select
 .text.dma_set_memory_burst
                0x000000000800590e       0x14 ../../lib/libopencm3/lib/libopencm3_stm32f4.a(dma_common_f24.o)
                0x000000000800590e                dma_set_memory_burst
 .text.dma_set_peripheral_burst
                0x0000000008005922       0x14 ../../lib/libopencm3/lib/libopencm3_stm32f4.a(dma_common_f24.o)
                0x0000000008005922                dma_set_peripheral_burst
 .text.dma_set_peripheral_flow_control
                0x0000000008005936       0x12 ../../lib/libopencm3/lib/libopencm3_stm32f4.a(dma_common_f24.o)
                0x0000000008005936                dma_set_peripheral_flow_control
 .text.dma_enable_transfer_complete_interrupt
                0x0000000008005948       0x1c ../../lib/libopencm3/lib/libopencm3_stm32f4.a(dma_common_f24.o)
                0x0000000008005948                dma_enable_transfer_complete_interrupt
 .text.dma_enable_fifo_mode
                0x0000000008005964       0x12 ../../lib/libopencm3/lib/libopencm3_stm32f4.a(dma_common_f24.o)
                0x0000000008005964                dma_enable_fifo_mode
 .text.dma_set_fifo_threshold
                0x0000000008005976       0x14 ../../lib/libopencm3/lib/libopencm3_stm32f4.a(dma_common_f24.o)
                0x0000000008005976                dma_set_fifo_threshold
 .text.dma_enable_stream
                0x000000000800598a       0x12 ../../lib/libopencm3/lib/libopencm3_stm32f4.a(dma_common_f24.o)
                0x000000000800598a                dma_enable_stream
 .text.dma_set_peripheral_address
                0x000000000800599c       0x10 ../../lib/libopencm3/lib/libopencm3_stm32f4.a(dma_common_f24.o)
                0x000000000800599c                dma_set_peripheral_address
 .text.dma_set_memory_address
                0x00000000080059ac       0x1a ../../lib/libopencm3/lib/libopencm3_stm32f4.a(dma_common_f24.o)
                0x00000000080059ac                dma_set_memory_address
 .text.gpio_set
                0x00000000080059c6        0x4 ../../lib/libopencm3/lib/libopencm3_stm32f4.a(gpio_common_all.o)
                0x00000000080059c6                gpio_set
 .text.gpio_clear
                0x00000000080059ca        0x6 ../../lib/libopencm3/lib/libopencm3_stm32f4.a(gpio_common_all.o)
                0x00000000080059ca                gpio_clear
 .text.gpio_toggle
                0x00000000080059d0       0x12 ../../lib/libopencm3/lib/libopencm3_stm32f4.a(gpio_common_all.o)
                0x00000000080059d0                gpio_toggle
 .text.gpio_port_read
                0x00000000080059e2        0x6 ../../lib/libopencm3/lib/libopencm3_stm32f4.a(gpio_common_all.o)
                0x00000000080059e2                gpio_port_read
 .text.gpio_port_write
                0x00000000080059e8        0x4 ../../lib/libopencm3/lib/libopencm3_stm32f4.a(gpio_common_all.o)
                0x00000000080059e8                gpio_port_write
 .text.gpio_mode_setup
                0x00000000080059ec       0x40 ../../lib/libopencm3/lib/libopencm3_stm32f4.a(gpio_common_f0234.o)
                0x00000000080059ec                gpio_mode_setup
 .text.gpio_set_output_options
                0x0000000008005a2c       0x36 ../../lib/libopencm3/lib/libopencm3_stm32f4.a(gpio_common_f0234.o)
                0x0000000008005a2c                gpio_set_output_options
 .text.gpio_set_af
                0x0000000008005a62       0x58 ../../lib/libopencm3/lib/libopencm3_stm32f4.a(gpio_common_f0234.o)
                0x0000000008005a62                gpio_set_af
 *fill*         0x0000000008005aba        0x2 
 .text.pwr_disable_backup_domain_write_protect
                0x0000000008005abc       0x10 ../../lib/libopencm3/lib/libopencm3_stm32f4.a(pwr_common_v1.o)
                0x0000000008005abc                pwr_disable_backup_domain_write_protect
 .text.pwr_enable_backup_domain_write_protect
                0x0000000008005acc       0x10 ../../lib/libopencm3/lib/libopencm3_stm32f4.a(pwr_common_v1.o)
                0x0000000008005acc                pwr_enable_backup_domain_write_protect
 .text.rcc_peripheral_reset
                0x0000000008005adc        0x8 ../../lib/libopencm3/lib/libopencm3_stm32f4.a(rcc_common_all.o)
                0x0000000008005adc                rcc_peripheral_reset
 .text.rcc_peripheral_clear_reset
                0x0000000008005ae4        0xa ../../lib/libopencm3/lib/libopencm3_stm32f4.a(rcc_common_all.o)
                0x0000000008005ae4                rcc_peripheral_clear_reset
 .text.rcc_periph_clock_enable
                0x0000000008005aee       0x1a ../../lib/libopencm3/lib/libopencm3_stm32f4.a(rcc_common_all.o)
                0x0000000008005aee                rcc_periph_clock_enable
 .text.rcc_is_osc_ready
                0x0000000008005b08       0x64 ../../lib/libopencm3/lib/libopencm3_stm32f4.a(rcc.o)
                0x0000000008005b08                rcc_is_osc_ready
 .text.rcc_wait_for_osc_ready
                0x0000000008005b6c       0x10 ../../lib/libopencm3/lib/libopencm3_stm32f4.a(rcc.o)
                0x0000000008005b6c                rcc_wait_for_osc_ready
 .text.rcc_osc_on
                0x0000000008005b7c       0x74 ../../lib/libopencm3/lib/libopencm3_stm32f4.a(rcc.o)
                0x0000000008005b7c                rcc_osc_on
 .text.rcc_osc_off
                0x0000000008005bf0       0x74 ../../lib/libopencm3/lib/libopencm3_stm32f4.a(rcc.o)
                0x0000000008005bf0                rcc_osc_off
 .text.rcc_set_sysclk_source
                0x0000000008005c64       0x18 ../../lib/libopencm3/lib/libopencm3_stm32f4.a(rcc.o)
                0x0000000008005c64                rcc_set_sysclk_source
 .text.rcc_set_ppre2
                0x0000000008005c7c       0x18 ../../lib/libopencm3/lib/libopencm3_stm32f4.a(rcc.o)
                0x0000000008005c7c                rcc_set_ppre2
 .text.rcc_set_ppre1
                0x0000000008005c94       0x18 ../../lib/libopencm3/lib/libopencm3_stm32f4.a(rcc.o)
                0x0000000008005c94                rcc_set_ppre1
 .text.rcc_set_hpre
                0x0000000008005cac       0x18 ../../lib/libopencm3/lib/libopencm3_stm32f4.a(rcc.o)
                0x0000000008005cac                rcc_set_hpre
 .text.rcc_set_main_pll_hsi
                0x0000000008005cc4       0x44 ../../lib/libopencm3/lib/libopencm3_stm32f4.a(rcc.o)
                0x0000000008005cc4                rcc_set_main_pll_hsi
 .text.rcc_set_main_pll_hse
                0x0000000008005d08       0x44 ../../lib/libopencm3/lib/libopencm3_stm32f4.a(rcc.o)
                0x0000000008005d08                rcc_set_main_pll_hse
 .text.rcc_clock_setup_pll
                0x0000000008005d4c       0xe4 ../../lib/libopencm3/lib/libopencm3_stm32f4.a(rcc.o)
                0x0000000008005d4c                rcc_clock_setup_pll
 .text.rtc_set_prescaler
                0x0000000008005e30       0x1c ../../lib/libopencm3/lib/libopencm3_stm32f4.a(rtc_common_l1f024.o)
                0x0000000008005e30                rtc_set_prescaler
 .text.rtc_wait_for_synchro
                0x0000000008005e4c       0x30 ../../lib/libopencm3/lib/libopencm3_stm32f4.a(rtc_common_l1f024.o)
                0x0000000008005e4c                rtc_wait_for_synchro
 .text.rtc_unlock
                0x0000000008005e7c       0x14 ../../lib/libopencm3/lib/libopencm3_stm32f4.a(rtc_common_l1f024.o)
                0x0000000008005e7c                rtc_unlock
 .text.rtc_lock
                0x0000000008005e90       0x10 ../../lib/libopencm3/lib/libopencm3_stm32f4.a(rtc_common_l1f024.o)
                0x0000000008005e90                rtc_lock
 .text.rtc_clear_wakeup_flag
                0x0000000008005ea0       0x14 ../../lib/libopencm3/lib/libopencm3_stm32f4.a(rtc_common_l1f024.o)
                0x0000000008005ea0                rtc_clear_wakeup_flag
 .text.rtc_disable_wakeup_timer_interrupt
                0x0000000008005eb4       0x24 ../../lib/libopencm3/lib/libopencm3_stm32f4.a(rtc.o)
                0x0000000008005eb4                rtc_disable_wakeup_timer_interrupt
 .text.timer_one_shot_mode
                0x0000000008005ed8        0xa ../../lib/libopencm3/lib/libopencm3_stm32f4.a(timer_common_all.o)
                0x0000000008005ed8                timer_one_shot_mode
 .text.timer_set_prescaler
                0x0000000008005ee2        0x4 ../../lib/libopencm3/lib/libopencm3_stm32f4.a(timer_common_all.o)
                0x0000000008005ee2                timer_set_prescaler
 .text.timer_set_period
                0x0000000008005ee6        0x4 ../../lib/libopencm3/lib/libopencm3_stm32f4.a(timer_common_all.o)
                0x0000000008005ee6                timer_set_period
 *fill*         0x0000000008005eea        0x2 
 .text.usbd_init
                0x0000000008005eec       0x54 ../../lib/libopencm3/lib/libopencm3_stm32f4.a(usb.o)
                0x0000000008005eec                usbd_init
 .text.usbd_poll
                0x0000000008005f40        0x8 ../../lib/libopencm3/lib/libopencm3_stm32f4.a(usb.o)
                0x0000000008005f40                usbd_poll
 .text.usbd_ep_setup
                0x0000000008005f48       0x10 ../../lib/libopencm3/lib/libopencm3_stm32f4.a(usb.o)
                0x0000000008005f48                usbd_ep_setup
 .text._usbd_reset
                0x0000000008005f58       0x32 ../../lib/libopencm3/lib/libopencm3_stm32f4.a(usb.o)
                0x0000000008005f58                _usbd_reset
 .text.usbd_ep_write_packet
                0x0000000008005f8a       0x10 ../../lib/libopencm3/lib/libopencm3_stm32f4.a(usb.o)
                0x0000000008005f8a                usbd_ep_write_packet
 .text.usbd_ep_read_packet
                0x0000000008005f9a       0x10 ../../lib/libopencm3/lib/libopencm3_stm32f4.a(usb.o)
                0x0000000008005f9a                usbd_ep_read_packet
 .text.usbd_ep_stall_set
                0x0000000008005faa        0x8 ../../lib/libopencm3/lib/libopencm3_stm32f4.a(usb.o)
                0x0000000008005faa                usbd_ep_stall_set
 .text.usbd_ep_stall_get
                0x0000000008005fb2        0x8 ../../lib/libopencm3/lib/libopencm3_stm32f4.a(usb.o)
                0x0000000008005fb2                usbd_ep_stall_get
 .text.usbd_ep_nak_set
                0x0000000008005fba        0x8 ../../lib/libopencm3/lib/libopencm3_stm32f4.a(usb.o)
                0x0000000008005fba                usbd_ep_nak_set
 .text.usb_standard_set_address
                0x0000000008005fc2       0x28 ../../lib/libopencm3/lib/libopencm3_stm32f4.a(usb_standard.o)
 .text.usb_standard_set_configuration
                0x0000000008005fea       0x7e ../../lib/libopencm3/lib/libopencm3_stm32f4.a(usb_standard.o)
 .text.usb_standard_get_configuration
                0x0000000008006068       0x22 ../../lib/libopencm3/lib/libopencm3_stm32f4.a(usb_standard.o)
 .text.usb_standard_set_interface
                0x000000000800608a       0x54 ../../lib/libopencm3/lib/libopencm3_stm32f4.a(usb_standard.o)
 .text.usb_standard_get_interface
                0x00000000080060de       0x38 ../../lib/libopencm3/lib/libopencm3_stm32f4.a(usb_standard.o)
 .text.usb_standard_device_get_status
                0x0000000008006116       0x18 ../../lib/libopencm3/lib/libopencm3_stm32f4.a(usb_standard.o)
 .text.usb_standard_endpoint_get_status
                0x000000000800612e       0x2a ../../lib/libopencm3/lib/libopencm3_stm32f4.a(usb_standard.o)
 .text.usb_standard_endpoint_stall
                0x0000000008006158       0x10 ../../lib/libopencm3/lib/libopencm3_stm32f4.a(usb_standard.o)
 .text.usb_standard_endpoint_unstall
                0x0000000008006168       0x10 ../../lib/libopencm3/lib/libopencm3_stm32f4.a(usb_standard.o)
 .text.usb_standard_get_descriptor
                0x0000000008006178      0x2ae ../../lib/libopencm3/lib/libopencm3_stm32f4.a(usb_standard.o)
 .text.usb_standard_interface_get_status
                0x0000000008006426       0x18 ../../lib/libopencm3/lib/libopencm3_stm32f4.a(usb_standard.o)
 .text.usbd_register_set_config_callback
                0x000000000800643e       0x28 ../../lib/libopencm3/lib/libopencm3_stm32f4.a(usb_standard.o)
                0x000000000800643e                usbd_register_set_config_callback
 *fill*         0x0000000008006466        0x2 
 .text._usbd_standard_request_device
                0x0000000008006468       0x48 ../../lib/libopencm3/lib/libopencm3_stm32f4.a(usb_standard.o)
                0x0000000008006468                _usbd_standard_request_device
 .text._usbd_standard_request_interface
                0x00000000080064b0       0x34 ../../lib/libopencm3/lib/libopencm3_stm32f4.a(usb_standard.o)
                0x00000000080064b0                _usbd_standard_request_interface
 .text._usbd_standard_request_endpoint
                0x00000000080064e4       0x40 ../../lib/libopencm3/lib/libopencm3_stm32f4.a(usb_standard.o)
                0x00000000080064e4                _usbd_standard_request_endpoint
 .text._usbd_standard_request
                0x0000000008006524       0x38 ../../lib/libopencm3/lib/libopencm3_stm32f4.a(usb_standard.o)
                0x0000000008006524                _usbd_standard_request
 .text.usb_control_send_chunk
                0x000000000800655c       0x4e ../../lib/libopencm3/lib/libopencm3_stm32f4.a(usb_control.o)
 .text.usb_control_request_dispatch
                0x00000000080065aa       0x60 ../../lib/libopencm3/lib/libopencm3_stm32f4.a(usb_control.o)
 .text.stall_transaction
                0x000000000800660a       0x14 ../../lib/libopencm3/lib/libopencm3_stm32f4.a(usb_control.o)
 .text.usb_control_recv_chunk
                0x000000000800661e       0x3c ../../lib/libopencm3/lib/libopencm3_stm32f4.a(usb_control.o)
 .text.usb_control_setup_read
                0x000000000800665a       0x66 ../../lib/libopencm3/lib/libopencm3_stm32f4.a(usb_control.o)
 .text.usbd_register_control_callback
                0x00000000080066c0       0x2c ../../lib/libopencm3/lib/libopencm3_stm32f4.a(usb_control.o)
                0x00000000080066c0                usbd_register_control_callback
 .text._usbd_control_setup
                0x00000000080066ec       0x60 ../../lib/libopencm3/lib/libopencm3_stm32f4.a(usb_control.o)
                0x00000000080066ec                _usbd_control_setup
 .text._usbd_control_out
                0x000000000800674c       0x82 ../../lib/libopencm3/lib/libopencm3_stm32f4.a(usb_control.o)
                0x000000000800674c                _usbd_control_out
 .text._usbd_control_in
                0x00000000080067ce       0x64 ../../lib/libopencm3/lib/libopencm3_stm32f4.a(usb_control.o)
                0x00000000080067ce                _usbd_control_in
 *fill*         0x0000000008006832        0x2 
 .text.stm32f107_usbd_init
                0x0000000008006834       0xa0 ../../lib/libopencm3/lib/libopencm3_stm32f4.a(usb_f107.o)
 .text.blocking_handler
                0x00000000080068d4        0x2 ../../lib/libopencm3/lib/libopencm3_stm32f4.a(vector.o)
                0x00000000080068d4                dma2_stream1_isr
                0x00000000080068d4                tim8_brk_tim12_isr
                0x00000000080068d4                dma1_stream7_isr
                0x00000000080068d4                usart3_isr
                0x00000000080068d4                tim7_isr
                0x00000000080068d4                dma2d_isr
                0x00000000080068d4                uart8_isr
                0x00000000080068d4                dma1_stream2_isr
                0x00000000080068d4                otg_hs_isr
                0x00000000080068d4                blocking_handler
                0x00000000080068d4                tim5_isr
                0x00000000080068d4                rtc_wkup_isr
                0x00000000080068d4                otg_fs_isr
                0x00000000080068d4                spi1_isr
                0x00000000080068d4                i2c3_er_isr
                0x00000000080068d4                exti2_isr
                0x00000000080068d4                spi5_isr
                0x00000000080068d4                tamp_stamp_isr
                0x00000000080068d4                can1_rx1_isr
                0x00000000080068d4                dma2_stream0_isr
                0x00000000080068d4                usart1_isr
                0x00000000080068d4                i2c3_ev_isr
                0x00000000080068d4                usage_fault_handler
                0x00000000080068d4                can2_rx0_isr
                0x00000000080068d4                dma1_stream6_isr
                0x00000000080068d4                can2_rx1_isr
                0x00000000080068d4                can1_sce_isr
                0x00000000080068d4                tim1_cc_isr
                0x00000000080068d4                can1_tx_isr
                0x00000000080068d4                tim1_up_tim10_isr
                0x00000000080068d4                eth_isr
                0x00000000080068d4                spi6_isr
                0x00000000080068d4                dma2_stream5_isr
                0x00000000080068d4                pvd_isr
                0x00000000080068d4                can1_rx0_isr
                0x00000000080068d4                rcc_isr
                0x00000000080068d4                flash_isr
                0x00000000080068d4                uart4_isr
                0x00000000080068d4                lcd_tft_isr
                0x00000000080068d4                rtc_alarm_isr
                0x00000000080068d4                exti15_10_isr
                0x00000000080068d4                hash_rng_isr
                0x00000000080068d4                tim1_trg_com_tim11_isr
                0x00000000080068d4                hard_fault_handler
                0x00000000080068d4                exti1_isr
                0x00000000080068d4                i2c1_ev_isr
                0x00000000080068d4                usart6_isr
                0x00000000080068d4                spi2_isr
                0x00000000080068d4                cryp_isr
                0x00000000080068d4                nvic_wwdg_isr
                0x00000000080068d4                dma1_stream1_isr
                0x00000000080068d4                dma2_stream4_isr
                0x00000000080068d4                exti3_isr
                0x00000000080068d4                tim3_isr
                0x00000000080068d4                usart2_isr
                0x00000000080068d4                sai1_isr
                0x00000000080068d4                fpu_isr
                0x00000000080068d4                dma1_stream4_isr
                0x00000000080068d4                i2c2_er_isr
                0x00000000080068d4                i2c2_ev_isr
                0x00000000080068d4                uart5_isr
                0x00000000080068d4                dma2_stream6_isr
                0x00000000080068d4                spi4_isr
                0x00000000080068d4                adc_isr
                0x00000000080068d4                dma2_stream7_isr
                0x00000000080068d4                tim8_up_tim13_isr
                0x00000000080068d4                fsmc_isr
                0x00000000080068d4                exti4_isr
                0x00000000080068d4                tim6_dac_isr
                0x00000000080068d4                dma1_stream3_isr
                0x00000000080068d4                tim8_trg_com_tim14_isr
                0x00000000080068d4                mem_manage_handler
                0x00000000080068d4                lcd_tft_err_isr
                0x00000000080068d4                can2_tx_isr
                0x00000000080068d4                exti9_5_isr
                0x00000000080068d4                tim1_brk_tim9_isr
                0x00000000080068d4                uart7_isr
                0x00000000080068d4                can2_sce_isr
                0x00000000080068d4                tim4_isr
                0x00000000080068d4                otg_hs_wkup_isr
                0x00000000080068d4                i2c1_er_isr
                0x00000000080068d4                dma1_stream0_isr
                0x00000000080068d4                tim8_cc_isr
                0x00000000080068d4                dcmi_isr
                0x00000000080068d4                dma2_stream2_isr
                0x00000000080068d4                eth_wkup_isr
                0x00000000080068d4                bus_fault_handler
                0x00000000080068d4                otg_hs_ep1_out_isr
                0x00000000080068d4                spi3_isr
                0x00000000080068d4                dma1_stream5_isr
                0x00000000080068d4                otg_hs_ep1_in_isr
                0x00000000080068d4                tim2_isr
                0x00000000080068d4                exti0_isr
 .text.null_handler
                0x00000000080068d6        0x2 ../../lib/libopencm3/lib/libopencm3_stm32f4.a(vector.o)
                0x00000000080068d6                null_handler
                0x00000000080068d6                sv_call_handler
                0x00000000080068d6                pend_sv_handler
                0x00000000080068d6                debug_monitor_handler
                0x00000000080068d6                nmi_handler
 .text.reset_handler
                0x00000000080068d8       0xa0 ../../lib/libopencm3/lib/libopencm3_stm32f4.a(vector.o)
                0x00000000080068d8                reset_handler
 .text.systick_set_reload
                0x0000000008006978        0xc ../../lib/libopencm3/lib/libopencm3_stm32f4.a(systick.o)
                0x0000000008006978                systick_set_reload
 .text.systick_set_clocksource
                0x0000000008006984       0x14 ../../lib/libopencm3/lib/libopencm3_stm32f4.a(systick.o)
                0x0000000008006984                systick_set_clocksource
 .text.systick_interrupt_enable
                0x0000000008006998        0xe ../../lib/libopencm3/lib/libopencm3_stm32f4.a(systick.o)
                0x0000000008006998                systick_interrupt_enable
 .text.systick_counter_enable
                0x00000000080069a6        0xe ../../lib/libopencm3/lib/libopencm3_stm32f4.a(systick.o)
                0x00000000080069a6                systick_counter_enable
 .text.nvic_enable_irq
                0x00000000080069b4       0x18 ../../lib/libopencm3/lib/libopencm3_stm32f4.a(nvic.o)
                0x00000000080069b4                nvic_enable_irq
 .text.nvic_disable_irq
                0x00000000080069cc       0x18 ../../lib/libopencm3/lib/libopencm3_stm32f4.a(nvic.o)
                0x00000000080069cc                nvic_disable_irq
 .text.exti_disable_request
                0x00000000080069e4       0x20 ../../lib/libopencm3/lib/libopencm3_stm32f4.a(exti_common_all.o)
                0x00000000080069e4                exti_disable_request
 .text.flash_set_ws
                0x0000000008006a04       0x18 ../../lib/libopencm3/lib/libopencm3_stm32f4.a(flash_common_all.o)
                0x0000000008006a04                flash_set_ws
 .text.flash_dcache_enable
                0x0000000008006a1c       0x14 ../../lib/libopencm3/lib/libopencm3_stm32f4.a(flash_common_idcache.o)
                0x0000000008006a1c                flash_dcache_enable
 .text.flash_dcache_disable
                0x0000000008006a30       0x14 ../../lib/libopencm3/lib/libopencm3_stm32f4.a(flash_common_idcache.o)
                0x0000000008006a30                flash_dcache_disable
 .text.flash_icache_enable
                0x0000000008006a44       0x14 ../../lib/libopencm3/lib/libopencm3_stm32f4.a(flash_common_idcache.o)
                0x0000000008006a44                flash_icache_enable
 .text.flash_icache_disable
                0x0000000008006a58       0x14 ../../lib/libopencm3/lib/libopencm3_stm32f4.a(flash_common_idcache.o)
                0x0000000008006a58                flash_icache_disable
 .text.pwr_set_vos_scale
                0x0000000008006a6c       0x18 ../../lib/libopencm3/lib/libopencm3_stm32f4.a(pwr.o)
                0x0000000008006a6c                pwr_set_vos_scale
 .text.dwc_set_address
                0x0000000008006a84       0x18 ../../lib/libopencm3/lib/libopencm3_stm32f4.a(usb_dwc_common.o)
                0x0000000008006a84                dwc_set_address
 .text.dwc_ep_setup
                0x0000000008006a9c      0x136 ../../lib/libopencm3/lib/libopencm3_stm32f4.a(usb_dwc_common.o)
                0x0000000008006a9c                dwc_ep_setup
 .text.dwc_endpoints_reset
                0x0000000008006bd2       0x4c ../../lib/libopencm3/lib/libopencm3_stm32f4.a(usb_dwc_common.o)
                0x0000000008006bd2                dwc_endpoints_reset
 .text.dwc_ep_stall_set
                0x0000000008006c1e       0x82 ../../lib/libopencm3/lib/libopencm3_stm32f4.a(usb_dwc_common.o)
                0x0000000008006c1e                dwc_ep_stall_set
 .text.dwc_ep_stall_get
                0x0000000008006ca0       0x24 ../../lib/libopencm3/lib/libopencm3_stm32f4.a(usb_dwc_common.o)
                0x0000000008006ca0                dwc_ep_stall_get
 .text.dwc_ep_nak_set
                0x0000000008006cc4       0x28 ../../lib/libopencm3/lib/libopencm3_stm32f4.a(usb_dwc_common.o)
                0x0000000008006cc4                dwc_ep_nak_set
 .text.dwc_ep_write_packet
                0x0000000008006cec       0x4a ../../lib/libopencm3/lib/libopencm3_stm32f4.a(usb_dwc_common.o)
                0x0000000008006cec                dwc_ep_write_packet
 .text.dwc_ep_read_packet
                0x0000000008006d36       0x70 ../../lib/libopencm3/lib/libopencm3_stm32f4.a(usb_dwc_common.o)
                0x0000000008006d36                dwc_ep_read_packet
 .text.dwc_poll
                0x0000000008006da6      0x1ec ../../lib/libopencm3/lib/libopencm3_stm32f4.a(usb_dwc_common.o)
                0x0000000008006da6                dwc_poll
 .text.dwc_disconnect
                0x0000000008006f92       0x1c ../../lib/libopencm3/lib/libopencm3_stm32f4.a(usb_dwc_common.o)
                0x0000000008006f92                dwc_disconnect
 *fill*         0x0000000008006fae        0x2 
 .text.atoi     0x0000000008006fb0        0x8 /usr/lib/gcc/arm-none-eabi/12.2.0/../../../../arm-none-eabi/lib/thumb/v7e-m+fp/hard/libc.a(libc_a-atoi.o)
                0x0000000008006fb0                atoi
 .text._strtol_l.constprop.0
                0x0000000008006fb8      0x138 /usr/lib/gcc/arm-none-eabi/12.2.0/../../../../arm-none-eabi/lib/thumb/v7e-m+fp/hard/libc.a(libc_a-strtol.o)
 .text.strtol   0x00000000080070f0       0x1c /usr/lib/gcc/arm-none-eabi/12.2.0/../../../../arm-none-eabi/lib/thumb/v7e-m+fp/hard/libc.a(libc_a-strtol.o)
                0x00000000080070f0                strtol
 .text._strtoul_l.constprop.0
                0x000000000800710c      0x134 /usr/lib/gcc/arm-none-eabi/12.2.0/../../../../arm-none-eabi/lib/thumb/v7e-m+fp/hard/libc.a(libc_a-strtoul.o)
 .text.strtoul  0x0000000008007240       0x1c /usr/lib/gcc/arm-none-eabi/12.2.0/../../../../arm-none-eabi/lib/thumb/v7e-m+fp/hard/libc.a(libc_a-strtoul.o)
                0x0000000008007240                strtoul
 .text.memcmp   0x000000000800725c       0x60 /usr/lib/gcc/arm-none-eabi/12.2.0/../../../../arm-none-eabi/lib/thumb/v7e-m+fp/hard/libc.a(libc_a-memcmp.o)
                0x000000000800725c                memcmp
 .text.memset   0x00000000080072bc       0xa4 /usr/lib/gcc/arm-none-eabi/12.2.0/../../../../arm-none-eabi/lib/thumb/v7e-m+fp/hard/libc.a(libc_a-memset.o)
                0x00000000080072bc                memset
 .text.strcat   0x0000000008007360       0x40 /usr/lib/gcc/arm-none-eabi/12.2.0/../../../../arm-none-eabi/lib/thumb/v7e-m+fp/hard/libc.a(libc_a-strcat.o)
                0x0000000008007360                strcat
 .text.strchr   0x00000000080073a0       0xd0 /usr/lib/gcc/arm-none-eabi/12.2.0/../../../../arm-none-eabi/lib/thumb/v7e-m+fp/hard/libc.a(libc_a-strchr.o)
                0x00000000080073a0                strchr
 .text.strncpy  0x0000000008007470       0x68 /usr/lib/gcc/arm-none-eabi/12.2.0/../../../../arm-none-eabi/lib/thumb/v7e-m+fp/hard/libc.a(libc_a-strncpy.o)
                0x0000000008007470                strncpy
 .text.strtok   0x00000000080074d8       0x10 /usr/lib/gcc/arm-none-eabi/12.2.0/../../../../arm-none-eabi/lib/thumb/v7e-m+fp/hard/libc.a(libc_a-strtok.o)
                0x00000000080074d8                strtok
 .text.__strtok_r
                0x00000000080074e8       0x68 /usr/lib/gcc/arm-none-eabi/12.2.0/../../../../arm-none-eabi/lib/thumb/v7e-m+fp/hard/libc.a(libc_a-strtok_r.o)
                0x00000000080074e8                __strtok_r
 .text.__errno  0x0000000008007550        0xc /usr/lib/gcc/arm-none-eabi/12.2.0/../../../../arm-none-eabi/lib/thumb/v7e-m+fp/hard/libc.a(libc_a-errno.o)
                0x0000000008007550                __errno
 *fill*         0x000000000800755c        0x4 
 .text          0x0000000008007560      0x2e0 /usr/lib/gcc/arm-none-eabi/12.2.0/../../../../arm-none-eabi/lib/thumb/v7e-m+fp/hard/libc.a(libc_a-strcmp.o)
                0x0000000008007560                strcmp
 .text.strcpy   0x0000000008007840       0xbc /usr/lib/gcc/arm-none-eabi/12.2.0/../../../../arm-none-eabi/lib/thumb/v7e-m+fp/hard/libc.a(libc_a-strcpy.o)
                0x0000000008007840                strcpy
 .text          0x00000000080078fc      0x134 /usr/lib/gcc/arm-none-eabi/12.2.0/../../../../arm-none-eabi/lib/thumb/v7e-m+fp/hard/libc.a(libc_a-memcpy.o)
                0x00000000080078fc                memcpy
 *fill*         0x0000000008007a30       0x10 
 .text          0x0000000008007a40       0xd8 /usr/lib/gcc/arm-none-eabi/12.2.0/../../../../arm-none-eabi/lib/thumb/v7e-m+fp/hard/libc.a(libc_a-strlen.o)
                0x0000000008007a40                strlen
 .text          0x0000000008007b18       0x30 /usr/lib/gcc/arm-none-eabi/12.2.0/thumb/v7e-m+fp/hard/libgcc.a(_aeabi_uldivmod.o)
                0x0000000008007b18                __aeabi_uldivmod
 .text.__udivmoddi4
                0x0000000008007b48      0x2a0 /usr/lib/gcc/arm-none-eabi/12.2.0/thumb/v7e-m+fp/hard/libgcc.a(_udivmoddi4.o)
                0x0000000008007b48                __udivmoddi4
 .text          0x0000000008007de8        0x4 /usr/lib/gcc/arm-none-eabi/12.2.0/thumb/v7e-m+fp/hard/libgcc.a(_dvmd_tls.o)
                0x0000000008007de8                __aeabi_ldiv0
                0x0000000008007de8                __aeabi_idiv0
                0x0000000008007dec                . = ALIGN (0x4)
 *(.rodata*)
 .rodata.main.str1.1
                0x0000000008007dec       0x76 ./obj/main.o
 .rodata.ShowHelp.str1.1
                0x0000000008007e62       0x76 ./obj/cli.o
                                         0x78 (size before relaxing)
 .rodata.ProcessCommand.str1.1
                0x0000000008007ed8       0x28 ./obj/cli.o
 .rodata.str1.1
                0x0000000008007f00      0x2bf ./obj/cli.o
                                        0x2c3 (size before relaxing)
 *fill*         0x00000000080081bf        0x1 
 .rodata.Commands
                0x00000000080081c0      0x108 ./obj/cli.o
 .rodata.Numout.str1.1
                0x00000000080082c8       0x11 ./obj/comm.o
 .rodata.Ugets.str1.1
                0x00000000080082d9        0x4 ./obj/comm.o
                                          0x7 (size before relaxing)
 *fill*         0x00000000080082dd        0x1 
 .rodata.cvt2.0
                0x00000000080082de       0xbc ./obj/ffunicode.o
 .rodata.cvt1.1
                0x000000000800839a      0x1f2 ./obj/ffunicode.o
 .rodata.uc437  0x000000000800858c      0x100 ./obj/ffunicode.o
 .rodata.ShowBuffer.str1.1
                0x000000000800868c       0x10 ./obj/miscsubs.o
                                         0x15 (size before relaxing)
 .rodata.USPutchar.str1.1
                0x000000000800869c        0x3 ./obj/usbcdc.o
 .rodata.str1.1
                0x000000000800869c       0x35 ./obj/usbcdc.o
 .rodata.config
                0x00000000080086d1        0xd ./obj/usbcdc.o
 *fill*         0x00000000080086de        0x2 
 .rodata.ifaces
                0x00000000080086e0       0x20 ./obj/usbcdc.o
 .rodata.data_iface
                0x0000000008008700       0x15 ./obj/usbcdc.o
 .rodata.comm_iface
                0x0000000008008715       0x15 ./obj/usbcdc.o
 .rodata.cdcacm_functional_descriptors
                0x000000000800872a       0x13 ./obj/usbcdc.o
 .rodata.data_endp
                0x000000000800873d       0x1e ./obj/usbcdc.o
 .rodata.comm_endp
                0x000000000800875b        0xf ./obj/usbcdc.o
 .rodata.dev    0x000000000800876a       0x12 ./obj/usbcdc.o
 .rodata.crc16tab
                0x000000000800877c      0x200 ./obj/crc16.o
 .rodata.check_fs.str1.1
                0x000000000800897c       0x15 ./obj/ff.o
 .rodata.follow_path.str1.1
                0x0000000008008991       0x10 ./obj/ff.o
 .rodata.ExCvt  0x00000000080089a1       0x80 ./obj/ff.o
 .rodata.LfnOfs
                0x0000000008008a21        0xd ./obj/ff.o
 .rodata.MountSD.str1.1
                0x0000000008008a2e       0x38 ./obj/filesub.o
                                         0x39 (size before relaxing)
 .rodata.ChangeDir.str1.1
                0x0000000008008a66       0x32 ./obj/filesub.o
 .rodata.MakeDir.str1.1
                0x0000000008008a98       0x45 ./obj/filesub.o
 .rodata.ShowFiles.str1.1
                0x0000000008008add       0x9f ./obj/filesub.o
                                         0xa6 (size before relaxing)
 .rodata.DeleteFile.str1.1
                0x0000000008008b7c       0x3b ./obj/filesub.o
 .rodata.GetFile.str1.1
                0x0000000008008bb7       0xc0 ./obj/filesub.o
 .rodata.SendFile.str1.1
                0x0000000008008c77       0x85 ./obj/filesub.o
 .rodata.ShowRTCTime.str1.1
                0x0000000008008cfc       0x16 ./obj/rtcsubs.o
 .rodata.ShowRTCDate.str1.1
                0x0000000008008d12       0x15 ./obj/rtcsubs.o
 .rodata.SetRTCTime.str1.1
                0x0000000008008d27       0xb8 ./obj/rtcsubs.o
                                         0xba (size before relaxing)
 .rodata.InitializeRTC.str1.1
                0x0000000008008ddf       0x19 ./obj/rtcsubs.o
 .rodata.TranslateError.str1.1
                0x0000000008008df8        0x1 ./obj/tapeutil.o
 .rodata.FlushRecordCount.str1.1
                0x0000000008008df8        0xf ./obj/tapeutil.o
 .rodata.CheckForEscape.str1.1
                0x0000000008008e07       0x17 ./obj/tapeutil.o
 .rodata.AddRecordCount.str1.1
                0x0000000008008e1e       0x14 ./obj/tapeutil.o
 .rodata.CmdShowStatus.str1.1
                0x0000000008008e32       0x21 ./obj/tapeutil.o
                                         0x23 (size before relaxing)
 .rodata.ShowBriefStatus.str1.1
                0x0000000008008e53       0x2b ./obj/tapeutil.o
 .rodata.CmdSetAddr.str1.1
                0x0000000008008e7e       0x18 ./obj/tapeutil.o
 .rodata.CmdSetStop.str1.1
                0x0000000008008e96       0x9b ./obj/tapeutil.o
 .rodata.CmdRewindTape.str1.1
                0x0000000008008f31        0x4 ./obj/tapeutil.o
 .rodata.CmdReadForward.str1.1
                0x0000000008008f31       0x3c ./obj/tapeutil.o
 .rodata.CmdTapeDebug.str1.1
                0x0000000008008f6d       0x24 ./obj/tapeutil.o
 .rodata.CmdCreateImage.str1.1
                0x0000000008008f91      0x1f5 ./obj/tapeutil.o
                                        0x1f8 (size before relaxing)
 .rodata.CmdWriteImage.str1.1
                0x0000000008009186       0xb2 ./obj/tapeutil.o
 .rodata.str1.1
                0x0000000008009238      0x111 ./obj/tapeutil.o
 *fill*         0x0000000008009349        0x3 
 .rodata.errMsg.0
                0x000000000800934c       0x24 ./obj/tapeutil.o
 .rodata.errFlag.1
                0x0000000008009370       0x12 ./obj/tapeutil.o
 *fill*         0x0000000008009382        0x2 
 .rodata.DriveStatusTable
                0x0000000008009384       0x80 ./obj/tapeutil.o
 .rodata.SendYmodem.str1.1
                0x0000000008009404       0x11 ./obj/ymodem.o
 *fill*         0x0000000008009415        0x3 
 .rodata.rcc_hse_8mhz_3v3
                0x0000000008009418       0x70 ../../lib/libopencm3/lib/libopencm3_stm32f4.a(rcc.o)
                0x0000000008009418                rcc_hse_8mhz_3v3
 .rodata.stm32f107_usb_driver
                0x0000000008009488       0x34 ../../lib/libopencm3/lib/libopencm3_stm32f4.a(usb_f107.o)
                0x0000000008009488                stm32f107_usb_driver
 .rodata._ctype_
                0x00000000080094bc      0x101 /usr/lib/gcc/arm-none-eabi/12.2.0/../../../../arm-none-eabi/lib/thumb/v7e-m+fp/hard/libc.a(libc_a-ctype_.o)
                0x00000000080094bc                _ctype_
                0x00000000080095c0                . = ALIGN (0x4)
 *fill*         0x00000000080095bd        0x3 

.glue_7         0x00000000080095c0        0x0
 .glue_7        0x00000000080095c0        0x0 linker stubs

.glue_7t        0x00000000080095c0        0x0
 .glue_7t       0x00000000080095c0        0x0 linker stubs

.vfp11_veneer   0x00000000080095c0        0x0
 .vfp11_veneer  0x00000000080095c0        0x0 linker stubs

.v4_bx          0x00000000080095c0        0x0
 .v4_bx         0x00000000080095c0        0x0 linker stubs

.iplt           0x00000000080095c0        0x0
 .iplt          0x00000000080095c0        0x0 ./obj/main.o

.preinit_array  0x00000000080095c0        0x0
                0x00000000080095c0                . = ALIGN (0x4)
                0x00000000080095c0                __preinit_array_start = .
 *(.preinit_array)
                0x00000000080095c0                __preinit_array_end = .

.init_array     0x00000000080095c0        0x0
                0x00000000080095c0                . = ALIGN (0x4)
                0x00000000080095c0                __init_array_start = .
 *(SORT_BY_NAME(.init_array.*))
 *(.init_array)
                0x00000000080095c0                __init_array_end = .

.fini_array     0x00000000080095c0        0x0
                0x00000000080095c0                . = ALIGN (0x4)
                0x00000000080095c0                __fini_array_start = .
 *(.fini_array)
 *(SORT_BY_NAME(.fini_array.*))
                0x00000000080095c0                __fini_array_end = .

.ARM.extab
 *(.ARM.extab*)

.ARM.exidx      0x00000000080095c0        0x8
                0x00000000080095c0                __exidx_start = .
 *(.ARM.exidx*)
 .ARM.exidx     0x00000000080095c0        0x8 /usr/lib/gcc/arm-none-eabi/12.2.0/../../../../arm-none-eabi/lib/thumb/v7e-m+fp/hard/libc.a(libc_a-strcmp.o)
 .ARM.exidx     0x00000000080095c8        0x0 /usr/lib/gcc/arm-none-eabi/12.2.0/../../../../arm-none-eabi/lib/thumb/v7e-m+fp/hard/libc.a(libc_a-memcpy.o)
                                          0x8 (size before relaxing)
 .ARM.exidx     0x00000000080095c8        0x0 /usr/lib/gcc/arm-none-eabi/12.2.0/../../../../arm-none-eabi/lib/thumb/v7e-m+fp/hard/libc.a(libc_a-strlen.o)
                                          0x8 (size before relaxing)
 .ARM.exidx.text.__udivmoddi4
                0x00000000080095c8        0x0 /usr/lib/gcc/arm-none-eabi/12.2.0/thumb/v7e-m+fp/hard/libgcc.a(_udivmoddi4.o)
                                          0x8 (size before relaxing)
                0x00000000080095c8                __exidx_end = .

.rel.dyn        0x00000000080095c8        0x0
 .rel.iplt      0x00000000080095c8        0x0 ./obj/main.o
                0x00000000080095c8                . = ALIGN (0x4)
                0x00000000080095c8                _etext = .

.data           0x0000000020000000      0x140 load address 0x00000000080095c8
                0x0000000020000000                _data = .
 *(.data*)
 .data.usb_strings
                0x0000000020000000        0xc ./obj/usbcdc.o
 .data.rcc_apb2_frequency
                0x000000002000000c        0x4 ../../lib/libopencm3/lib/libopencm3_stm32f4.a(rcc.o)
                0x000000002000000c                rcc_apb2_frequency
 .data.rcc_apb1_frequency
                0x0000000020000010        0x4 ../../lib/libopencm3/lib/libopencm3_stm32f4.a(rcc.o)
                0x0000000020000010                rcc_apb1_frequency
 .data.rcc_ahb_frequency
                0x0000000020000014        0x4 ../../lib/libopencm3/lib/libopencm3_stm32f4.a(rcc.o)
                0x0000000020000014                rcc_ahb_frequency
 .data._impure_ptr
                0x0000000020000018        0x4 /usr/lib/gcc/arm-none-eabi/12.2.0/../../../../arm-none-eabi/lib/thumb/v7e-m+fp/hard/libc.a(libc_a-impure.o)
                0x0000000020000018                _impure_ptr
 *fill*         0x000000002000001c        0x4 
 .data._impure_data
                0x0000000020000020      0x120 /usr/lib/gcc/arm-none-eabi/12.2.0/../../../../arm-none-eabi/lib/thumb/v7e-m+fp/hard/libc.a(libc_a-impure.o)
                0x0000000020000020                _impure_data
                0x0000000020000140                . = ALIGN (0x4)
                0x0000000020000140                _edata = .
                0x00000000080095c8                _data_loadaddr = LOADADDR (.data)

.igot.plt       0x0000000020000140        0x0 load address 0x0000000008009708
 .igot.plt      0x0000000020000140        0x0 ./obj/main.o

.bss            0x0000000020000140    0x11364 load address 0x0000000008009708
 *(.bss*)
 .bss.SDfs      0x0000000020000140      0x24c ./obj/main.o
                0x0000000020000140                SDfs
 .bss.CurrentPath
                0x000000002000038c      0x100 ./obj/main.o
                0x000000002000038c                CurrentPath
 .bss.TapeAddress
                0x000000002000048c        0x2 ./obj/main.o
                0x000000002000048c                TapeAddress
 .bss.StopAfterError
                0x000000002000048e        0x1 ./obj/main.o
                0x000000002000048e                StopAfterError
 *fill*         0x000000002000048f        0x1 
 .bss.StopTapemarks
                0x0000000020000490        0x4 ./obj/main.o
                0x0000000020000490                StopTapemarks
 .bss.TapeBuffer
                0x0000000020000494    0x10000 ./obj/main.o
                0x0000000020000494                TapeBuffer
 .bss.Buffer    0x0000000020010494      0x200 ./obj/main.o
                0x0000000020010494                Buffer
 .bss.Milliseconds
                0x0000000020010694        0x4 ./obj/main.o
                0x0000000020010694                Milliseconds
 .bss.arglist.0
                0x0000000020010698       0x14 ./obj/cli.o
 .bss.TransferPending
                0x00000000200106ac        0x1 ./obj/sdiosubs.o
 .bss.GPIOInitialized
                0x00000000200106ad        0x1 ./obj/sdiosubs.o
 *fill*         0x00000000200106ae        0x2 
 .bss.CardSize  0x00000000200106b0        0x4 ./obj/sdiosubs.o
 .bss.RCA       0x00000000200106b4        0x4 ./obj/sdiosubs.o
 .bss.SDType    0x00000000200106b8        0x1 ./obj/sdiosubs.o
 .bss.DMADone   0x00000000200106b9        0x1 ./obj/sdiosubs.o
 .bss.ErrorStatus
                0x00000000200106ba        0x1 ./obj/sdiosubs.o
 *fill*         0x00000000200106bb        0x1 
 .bss.DiskBuf   0x00000000200106bc      0x200 ./obj/diskio.o
 .bss.LastCommand
                0x00000000200108bc        0x2 ./obj/tapedriver.o
                0x00000000200108bc                LastCommand
 .bss.usbd_control_buffer
                0x00000000200108be       0x80 ./obj/usbcdc.o
                0x00000000200108be                usbd_control_buffer
 *fill*         0x000000002001093e        0x2 
 .bss.InQOut    0x0000000020010940        0x4 ./obj/usbcdc.o
 .bss.InQIn     0x0000000020010944        0x4 ./obj/usbcdc.o
 .bss.InputQueue
                0x0000000020010948      0x440 ./obj/usbcdc.o
 .bss.ReceiveBuffer
                0x0000000020010d88       0x41 ./obj/usbcdc.o
 *fill*         0x0000000020010dc9        0x3 
 .bss.Usbd_registered
                0x0000000020010dcc        0x4 ./obj/usbcdc.o
 .bss.Usbd_dev  0x0000000020010dd0        0x4 ./obj/usbcdc.o
 .bss.LfnBuf    0x0000000020010dd4      0x200 ./obj/ff.o
 .bss.DirBuf    0x0000000020010fd4      0x260 ./obj/ff.o
 .bss.CurrVol   0x0000000020011234        0x1 ./obj/ff.o
 *fill*         0x0000000020011235        0x1 
 .bss.Fsid      0x0000000020011236        0x2 ./obj/ff.o
 .bss.FatFs     0x0000000020011238        0x4 ./obj/ff.o
 .bss.RTCDateTime
                0x000000002001123c        0xe ./obj/rtcsubs.o
 *fill*         0x000000002001124a        0x2 
 .bss.BytesCopied
                0x000000002001124c        0x4 ./obj/tapeutil.o
 .bss.TapePosition
                0x0000000020011250        0x4 ./obj/tapeutil.o
 .bss.LastRecordCount
                0x0000000020011254        0x4 ./obj/tapeutil.o
 .bss.LastRecordLength
                0x0000000020011258        0x4 ./obj/tapeutil.o
 .bss.retval.0  0x000000002001125c        0xb ./obj/ymodem.o
 *fill*         0x0000000020011267        0x1 
 .bss.usbd_dev  0x0000000020011268      0x104 ../../lib/libopencm3/lib/libopencm3_stm32f4.a(usb_f107.o)
 .bss.__sf      0x000000002001136c      0x138 /usr/lib/gcc/arm-none-eabi/12.2.0/../../../../arm-none-eabi/lib/thumb/v7e-m+fp/hard/libc.a(libc_a-findfp.o)
                0x000000002001136c                __sf
 *(COMMON)
                0x00000000200114a4                . = ALIGN (0x4)
                0x00000000200114a4                _ebss = .

/DISCARD/
 *(.eh_frame)
                0x00000000200114a4                . = ALIGN (0x4)
                0x00000000200114a4                end = .
                0x0000000020020000                PROVIDE (_stack = (ORIGIN (ram) + LENGTH (ram)))
OUTPUT(bin/target.elf elf32-littlearm)
LOAD linker stubs

.debug_info     0x0000000000000000    0x20e7a
 .debug_info    0x0000000000000000      0x705 ./obj/main.o
 .debug_info    0x0000000000000705      0x591 ./obj/cli.o
 .debug_info    0x0000000000000c96     0x1499 ./obj/sdiosubs.o
 .debug_info    0x000000000000212f      0x570 ./obj/comm.o
 .debug_info    0x000000000000269f      0x540 ./obj/diskio.o
 .debug_info    0x0000000000002bdf      0x29a ./obj/ffunicode.o
 .debug_info    0x0000000000002e79      0xe8c ./obj/miscsubs.o
 .debug_info    0x0000000000003d05      0xe2b ./obj/tapedriver.o
 .debug_info    0x0000000000004b30     0x1477 ./obj/usbcdc.o
 .debug_info    0x0000000000005fa7      0x147 ./obj/crc16.o
 .debug_info    0x00000000000060ee     0x68c6 ./obj/ff.o
 .debug_info    0x000000000000c9b4      0xbe3 ./obj/filesub.o
 .debug_info    0x000000000000d597      0xafd ./obj/rtcsubs.o
 .debug_info    0x000000000000e094     0x199f ./obj/tapeutil.o
 .debug_info    0x000000000000fa33     0x15a5 ./obj/ymodem.o
 .debug_info    0x0000000000010fd8      0xcd7 ../../lib/libopencm3/lib/libopencm3_stm32f4.a(dma_common_f24.o)
 .debug_info    0x0000000000011caf      0x256 ../../lib/libopencm3/lib/libopencm3_stm32f4.a(gpio_common_all.o)
 .debug_info    0x0000000000011f05      0x21b ../../lib/libopencm3/lib/libopencm3_stm32f4.a(gpio_common_f0234.o)
 .debug_info    0x0000000000012120      0x1a1 ../../lib/libopencm3/lib/libopencm3_stm32f4.a(pwr_common_v1.o)
 .debug_info    0x00000000000122c1      0x932 ../../lib/libopencm3/lib/libopencm3_stm32f4.a(rcc_common_all.o)
 .debug_info    0x0000000000012bf3      0xf9b ../../lib/libopencm3/lib/libopencm3_stm32f4.a(rcc.o)
 .debug_info    0x0000000000013b8e      0x5e0 ../../lib/libopencm3/lib/libopencm3_stm32f4.a(rtc_common_l1f024.o)
 .debug_info    0x000000000001416e      0x214 ../../lib/libopencm3/lib/libopencm3_stm32f4.a(rtc.o)
 .debug_info    0x0000000000014382     0x1004 ../../lib/libopencm3/lib/libopencm3_stm32f4.a(timer_common_all.o)
 .debug_info    0x0000000000015386      0xf51 ../../lib/libopencm3/lib/libopencm3_stm32f4.a(usb.o)
 .debug_info    0x00000000000162d7     0x162d ../../lib/libopencm3/lib/libopencm3_stm32f4.a(usb_standard.o)
 .debug_info    0x0000000000017904     0x1064 ../../lib/libopencm3/lib/libopencm3_stm32f4.a(usb_control.o)
 .debug_info    0x0000000000018968      0xfb4 ../../lib/libopencm3/lib/libopencm3_stm32f4.a(usb_f107.o)
 .debug_info    0x000000000001991c      0x2d9 ../../lib/libopencm3/lib/libopencm3_stm32f4.a(vector.o)
 .debug_info    0x0000000000019bf5      0x271 ../../lib/libopencm3/lib/libopencm3_stm32f4.a(systick.o)
 .debug_info    0x0000000000019e66      0x239 ../../lib/libopencm3/lib/libopencm3_stm32f4.a(nvic.o)
 .debug_info    0x000000000001a09f      0x222 ../../lib/libopencm3/lib/libopencm3_stm32f4.a(exti_common_all.o)
 .debug_info    0x000000000001a2c1       0xf1 ../../lib/libopencm3/lib/libopencm3_stm32f4.a(flash_common_all.o)
 .debug_info    0x000000000001a3b2       0xe9 ../../lib/libopencm3/lib/libopencm3_stm32f4.a(flash_common_idcache.o)
 .debug_info    0x000000000001a49b       0xe9 ../../lib/libopencm3/lib/libopencm3_stm32f4.a(pwr.o)
 .debug_info    0x000000000001a584      0xf0d ../../lib/libopencm3/lib/libopencm3_stm32f4.a(usb_dwc_common.o)
 .debug_info    0x000000000001b491      0x7e5 /usr/lib/gcc/arm-none-eabi/12.2.0/../../../../arm-none-eabi/lib/thumb/v7e-m+fp/hard/libc.a(libc_a-atoi.o)
 .debug_info    0x000000000001bc76      0xd5d /usr/lib/gcc/arm-none-eabi/12.2.0/../../../../arm-none-eabi/lib/thumb/v7e-m+fp/hard/libc.a(libc_a-strtol.o)
 .debug_info    0x000000000001c9d3      0xcc9 /usr/lib/gcc/arm-none-eabi/12.2.0/../../../../arm-none-eabi/lib/thumb/v7e-m+fp/hard/libc.a(libc_a-strtoul.o)
 .debug_info    0x000000000001d69c       0xb9 /usr/lib/gcc/arm-none-eabi/12.2.0/../../../../arm-none-eabi/lib/thumb/v7e-m+fp/hard/libc.a(libc_a-ctype_.o)
 .debug_info    0x000000000001d755      0x12b /usr/lib/gcc/arm-none-eabi/12.2.0/../../../../arm-none-eabi/lib/thumb/v7e-m+fp/hard/libc.a(libc_a-memcmp.o)
 .debug_info    0x000000000001d880      0x135 /usr/lib/gcc/arm-none-eabi/12.2.0/../../../../arm-none-eabi/lib/thumb/v7e-m+fp/hard/libc.a(libc_a-memset.o)
 .debug_info    0x000000000001d9b5      0x130 /usr/lib/gcc/arm-none-eabi/12.2.0/../../../../arm-none-eabi/lib/thumb/v7e-m+fp/hard/libc.a(libc_a-strcat.o)
 .debug_info    0x000000000001dae5      0x130 /usr/lib/gcc/arm-none-eabi/12.2.0/../../../../arm-none-eabi/lib/thumb/v7e-m+fp/hard/libc.a(libc_a-strchr.o)
 .debug_info    0x000000000001dc15      0x14a /usr/lib/gcc/arm-none-eabi/12.2.0/../../../../arm-none-eabi/lib/thumb/v7e-m+fp/hard/libc.a(libc_a-strncpy.o)
 .debug_info    0x000000000001dd5f      0x7a0 /usr/lib/gcc/arm-none-eabi/12.2.0/../../../../arm-none-eabi/lib/thumb/v7e-m+fp/hard/libc.a(libc_a-strtok.o)
 .debug_info    0x000000000001e4ff      0x1a5 /usr/lib/gcc/arm-none-eabi/12.2.0/../../../../arm-none-eabi/lib/thumb/v7e-m+fp/hard/libc.a(libc_a-strtok_r.o)
 .debug_info    0x000000000001e6a4      0x733 /usr/lib/gcc/arm-none-eabi/12.2.0/../../../../arm-none-eabi/lib/thumb/v7e-m+fp/hard/libc.a(libc_a-impure.o)
 .debug_info    0x000000000001edd7      0x719 /usr/lib/gcc/arm-none-eabi/12.2.0/../../../../arm-none-eabi/lib/thumb/v7e-m+fp/hard/libc.a(libc_a-errno.o)
 .debug_info    0x000000000001f4f0       0x31 /usr/lib/gcc/arm-none-eabi/12.2.0/../../../../arm-none-eabi/lib/thumb/v7e-m+fp/hard/libc.a(libc_a-strcmp.o)
 .debug_info    0x000000000001f521       0xc3 /usr/lib/gcc/arm-none-eabi/12.2.0/../../../../arm-none-eabi/lib/thumb/v7e-m+fp/hard/libc.a(libc_a-strcpy.o)
 .debug_info    0x000000000001f5e4       0x31 /usr/lib/gcc/arm-none-eabi/12.2.0/../../../../arm-none-eabi/lib/thumb/v7e-m+fp/hard/libc.a(libc_a-memcpy.o)
 .debug_info    0x000000000001f615       0x31 /usr/lib/gcc/arm-none-eabi/12.2.0/../../../../arm-none-eabi/lib/thumb/v7e-m+fp/hard/libc.a(libc_a-strlen.o)
 .debug_info    0x000000000001f646     0x10da /usr/lib/gcc/arm-none-eabi/12.2.0/../../../../arm-none-eabi/lib/thumb/v7e-m+fp/hard/libc.a(libc_a-findfp.o)
 .debug_info    0x0000000000020720       0x24 /usr/lib/gcc/arm-none-eabi/12.2.0/thumb/v7e-m+fp/hard/libgcc.a(_aeabi_uldivmod.o)
 .debug_info    0x0000000000020744      0x6fd /usr/lib/gcc/arm-none-eabi/12.2.0/thumb/v7e-m+fp/hard/libgcc.a(_udivmoddi4.o)
 .debug_info    0x0000000000020e41       0x39 /usr/lib/gcc/arm-none-eabi/12.2.0/thumb/v7e-m+fp/hard/libgcc.a(_dvmd_tls.o)

.debug_abbrev   0x0000000000000000     0x64a3
 .debug_abbrev  0x0000000000000000      0x243 ./obj/main.o
 .debug_abbrev  0x0000000000000243      0x1e4 ./obj/cli.o
 .debug_abbrev  0x0000000000000427      0x396 ./obj/sdiosubs.o
 .debug_abbrev  0x00000000000007bd      0x2c4 ./obj/comm.o
 .debug_abbrev  0x0000000000000a81      0x174 ./obj/diskio.o
 .debug_abbrev  0x0000000000000bf5       0xf7 ./obj/ffunicode.o
 .debug_abbrev  0x0000000000000cec      0x251 ./obj/miscsubs.o
 .debug_abbrev  0x0000000000000f3d      0x29b ./obj/tapedriver.o
 .debug_abbrev  0x00000000000011d8      0x35d ./obj/usbcdc.o
 .debug_abbrev  0x0000000000001535       0xf1 ./obj/crc16.o
 .debug_abbrev  0x0000000000001626      0x428 ./obj/ff.o
 .debug_abbrev  0x0000000000001a4e      0x2b9 ./obj/filesub.o
 .debug_abbrev  0x0000000000001d07      0x287 ./obj/rtcsubs.o
 .debug_abbrev  0x0000000000001f8e      0x3ff ./obj/tapeutil.o
 .debug_abbrev  0x000000000000238d      0x410 ./obj/ymodem.o
 .debug_abbrev  0x000000000000279d      0x1a3 ../../lib/libopencm3/lib/libopencm3_stm32f4.a(dma_common_f24.o)
 .debug_abbrev  0x0000000000002940      0x115 ../../lib/libopencm3/lib/libopencm3_stm32f4.a(gpio_common_all.o)
 .debug_abbrev  0x0000000000002a55       0xc2 ../../lib/libopencm3/lib/libopencm3_stm32f4.a(gpio_common_f0234.o)
 .debug_abbrev  0x0000000000002b17       0x9f ../../lib/libopencm3/lib/libopencm3_stm32f4.a(pwr_common_v1.o)
 .debug_abbrev  0x0000000000002bb6      0x185 ../../lib/libopencm3/lib/libopencm3_stm32f4.a(rcc_common_all.o)
 .debug_abbrev  0x0000000000002d3b      0x2da ../../lib/libopencm3/lib/libopencm3_stm32f4.a(rcc.o)
 .debug_abbrev  0x0000000000003015      0x206 ../../lib/libopencm3/lib/libopencm3_stm32f4.a(rtc_common_l1f024.o)
 .debug_abbrev  0x000000000000321b       0xd5 ../../lib/libopencm3/lib/libopencm3_stm32f4.a(rtc.o)
 .debug_abbrev  0x00000000000032f0      0x1ac ../../lib/libopencm3/lib/libopencm3_stm32f4.a(timer_common_all.o)
 .debug_abbrev  0x000000000000349c      0x291 ../../lib/libopencm3/lib/libopencm3_stm32f4.a(usb.o)
 .debug_abbrev  0x000000000000372d      0x4d6 ../../lib/libopencm3/lib/libopencm3_stm32f4.a(usb_standard.o)
 .debug_abbrev  0x0000000000003c03      0x3ba ../../lib/libopencm3/lib/libopencm3_stm32f4.a(usb_control.o)
 .debug_abbrev  0x0000000000003fbd      0x22b ../../lib/libopencm3/lib/libopencm3_stm32f4.a(usb_f107.o)
 .debug_abbrev  0x00000000000041e8      0x15f ../../lib/libopencm3/lib/libopencm3_stm32f4.a(vector.o)
 .debug_abbrev  0x0000000000004347      0x14e ../../lib/libopencm3/lib/libopencm3_stm32f4.a(systick.o)
 .debug_abbrev  0x0000000000004495       0xb6 ../../lib/libopencm3/lib/libopencm3_stm32f4.a(nvic.o)
 .debug_abbrev  0x000000000000454b      0x103 ../../lib/libopencm3/lib/libopencm3_stm32f4.a(exti_common_all.o)
 .debug_abbrev  0x000000000000464e       0x96 ../../lib/libopencm3/lib/libopencm3_stm32f4.a(flash_common_all.o)
 .debug_abbrev  0x00000000000046e4       0x56 ../../lib/libopencm3/lib/libopencm3_stm32f4.a(flash_common_idcache.o)
 .debug_abbrev  0x000000000000473a       0x9a ../../lib/libopencm3/lib/libopencm3_stm32f4.a(pwr.o)
 .debug_abbrev  0x00000000000047d4      0x3ac ../../lib/libopencm3/lib/libopencm3_stm32f4.a(usb_dwc_common.o)
 .debug_abbrev  0x0000000000004b80      0x1ee /usr/lib/gcc/arm-none-eabi/12.2.0/../../../../arm-none-eabi/lib/thumb/v7e-m+fp/hard/libc.a(libc_a-atoi.o)
 .debug_abbrev  0x0000000000004d6e      0x32f /usr/lib/gcc/arm-none-eabi/12.2.0/../../../../arm-none-eabi/lib/thumb/v7e-m+fp/hard/libc.a(libc_a-strtol.o)
 .debug_abbrev  0x000000000000509d      0x303 /usr/lib/gcc/arm-none-eabi/12.2.0/../../../../arm-none-eabi/lib/thumb/v7e-m+fp/hard/libc.a(libc_a-strtoul.o)
 .debug_abbrev  0x00000000000053a0       0x62 /usr/lib/gcc/arm-none-eabi/12.2.0/../../../../arm-none-eabi/lib/thumb/v7e-m+fp/hard/libc.a(libc_a-ctype_.o)
 .debug_abbrev  0x0000000000005402       0x90 /usr/lib/gcc/arm-none-eabi/12.2.0/../../../../arm-none-eabi/lib/thumb/v7e-m+fp/hard/libc.a(libc_a-memcmp.o)
 .debug_abbrev  0x0000000000005492       0xb7 /usr/lib/gcc/arm-none-eabi/12.2.0/../../../../arm-none-eabi/lib/thumb/v7e-m+fp/hard/libc.a(libc_a-memset.o)
 .debug_abbrev  0x0000000000005549       0xce /usr/lib/gcc/arm-none-eabi/12.2.0/../../../../arm-none-eabi/lib/thumb/v7e-m+fp/hard/libc.a(libc_a-strcat.o)
 .debug_abbrev  0x0000000000005617       0x97 /usr/lib/gcc/arm-none-eabi/12.2.0/../../../../arm-none-eabi/lib/thumb/v7e-m+fp/hard/libc.a(libc_a-strchr.o)
 .debug_abbrev  0x00000000000056ae       0xbe /usr/lib/gcc/arm-none-eabi/12.2.0/../../../../arm-none-eabi/lib/thumb/v7e-m+fp/hard/libc.a(libc_a-strncpy.o)
 .debug_abbrev  0x000000000000576c      0x209 /usr/lib/gcc/arm-none-eabi/12.2.0/../../../../arm-none-eabi/lib/thumb/v7e-m+fp/hard/libc.a(libc_a-strtok.o)
 .debug_abbrev  0x0000000000005975      0x110 /usr/lib/gcc/arm-none-eabi/12.2.0/../../../../arm-none-eabi/lib/thumb/v7e-m+fp/hard/libc.a(libc_a-strtok_r.o)
 .debug_abbrev  0x0000000000005a85      0x185 /usr/lib/gcc/arm-none-eabi/12.2.0/../../../../arm-none-eabi/lib/thumb/v7e-m+fp/hard/libc.a(libc_a-impure.o)
 .debug_abbrev  0x0000000000005c0a      0x19a /usr/lib/gcc/arm-none-eabi/12.2.0/../../../../arm-none-eabi/lib/thumb/v7e-m+fp/hard/libc.a(libc_a-errno.o)
 .debug_abbrev  0x0000000000005da4       0x21 /usr/lib/gcc/arm-none-eabi/12.2.0/../../../../arm-none-eabi/lib/thumb/v7e-m+fp/hard/libc.a(libc_a-strcmp.o)
 .debug_abbrev  0x0000000000005dc5       0x7b /usr/lib/gcc/arm-none-eabi/12.2.0/../../../../arm-none-eabi/lib/thumb/v7e-m+fp/hard/libc.a(libc_a-strcpy.o)
 .debug_abbrev  0x0000000000005e40       0x21 /usr/lib/gcc/arm-none-eabi/12.2.0/../../../../arm-none-eabi/lib/thumb/v7e-m+fp/hard/libc.a(libc_a-memcpy.o)
 .debug_abbrev  0x0000000000005e61       0x21 /usr/lib/gcc/arm-none-eabi/12.2.0/../../../../arm-none-eabi/lib/thumb/v7e-m+fp/hard/libc.a(libc_a-strlen.o)
 .debug_abbrev  0x0000000000005e82      0x484 /usr/lib/gcc/arm-none-eabi/12.2.0/../../../../arm-none-eabi/lib/thumb/v7e-m+fp/hard/libc.a(libc_a-findfp.o)
 .debug_abbrev  0x0000000000006306       0x14 /usr/lib/gcc/arm-none-eabi/12.2.0/thumb/v7e-m+fp/hard/libgcc.a(_aeabi_uldivmod.o)
 .debug_abbrev  0x000000000000631a      0x16a /usr/lib/gcc/arm-none-eabi/12.2.0/thumb/v7e-m+fp/hard/libgcc.a(_udivmoddi4.o)
 .debug_abbrev  0x0000000000006484       0x1f /usr/lib/gcc/arm-none-eabi/12.2.0/thumb/v7e-m+fp/hard/libgcc.a(_dvmd_tls.o)

.debug_loclists
                0x0000000000000000     0xd595
 .debug_loclists
                0x0000000000000000       0x17 ./obj/main.o
 .debug_loclists
                0x0000000000000017      0x165 ./obj/cli.o
 .debug_loclists
                0x000000000000017c      0x45c ./obj/sdiosubs.o
 .debug_loclists
                0x00000000000005d8      0x374 ./obj/comm.o
 .debug_loclists
                0x000000000000094c      0x263 ./obj/diskio.o
 .debug_loclists
                0x0000000000000baf      0x1ef ./obj/ffunicode.o
 .debug_loclists
                0x0000000000000d9e      0x370 ./obj/miscsubs.o
 .debug_loclists
                0x000000000000110e      0x3f0 ./obj/tapedriver.o
 .debug_loclists
                0x00000000000014fe      0x20c ./obj/usbcdc.o
 .debug_loclists
                0x000000000000170a       0x73 ./obj/crc16.o
 .debug_loclists
                0x000000000000177d     0x6005 ./obj/ff.o
 .debug_loclists
                0x0000000000007782      0x249 ./obj/filesub.o
 .debug_loclists
                0x00000000000079cb      0x556 ./obj/rtcsubs.o
 .debug_loclists
                0x0000000000007f21      0x64e ./obj/tapeutil.o
 .debug_loclists
                0x000000000000856f      0x6bf ./obj/ymodem.o
 .debug_loclists
                0x0000000000008c2e      0x77e ../../lib/libopencm3/lib/libopencm3_stm32f4.a(dma_common_f24.o)
 .debug_loclists
                0x00000000000093ac       0x7e ../../lib/libopencm3/lib/libopencm3_stm32f4.a(gpio_common_all.o)
 .debug_loclists
                0x000000000000942a       0xcf ../../lib/libopencm3/lib/libopencm3_stm32f4.a(gpio_common_f0234.o)
 .debug_loclists
                0x00000000000094f9       0x68 ../../lib/libopencm3/lib/libopencm3_stm32f4.a(rcc_common_all.o)
 .debug_loclists
                0x0000000000009561      0x466 ../../lib/libopencm3/lib/libopencm3_stm32f4.a(rcc.o)
 .debug_loclists
                0x00000000000099c7      0x233 ../../lib/libopencm3/lib/libopencm3_stm32f4.a(rtc_common_l1f024.o)
 .debug_loclists
                0x0000000000009bfa      0x1a2 ../../lib/libopencm3/lib/libopencm3_stm32f4.a(timer_common_all.o)
 .debug_loclists
                0x0000000000009d9c      0x342 ../../lib/libopencm3/lib/libopencm3_stm32f4.a(usb.o)
 .debug_loclists
                0x000000000000a0de      0xbc5 ../../lib/libopencm3/lib/libopencm3_stm32f4.a(usb_standard.o)
 .debug_loclists
                0x000000000000aca3      0x50b ../../lib/libopencm3/lib/libopencm3_stm32f4.a(usb_control.o)
 .debug_loclists
                0x000000000000b1ae       0xb6 ../../lib/libopencm3/lib/libopencm3_stm32f4.a(vector.o)
 .debug_loclists
                0x000000000000b264      0x12c ../../lib/libopencm3/lib/libopencm3_stm32f4.a(systick.o)
 .debug_loclists
                0x000000000000b390       0xdb ../../lib/libopencm3/lib/libopencm3_stm32f4.a(nvic.o)
 .debug_loclists
                0x000000000000b46b       0xa4 ../../lib/libopencm3/lib/libopencm3_stm32f4.a(exti_common_all.o)
 .debug_loclists
                0x000000000000b50f       0x17 ../../lib/libopencm3/lib/libopencm3_stm32f4.a(flash_common_all.o)
 .debug_loclists
                0x000000000000b526       0x37 ../../lib/libopencm3/lib/libopencm3_stm32f4.a(pwr.o)
 .debug_loclists
                0x000000000000b55d      0x53f ../../lib/libopencm3/lib/libopencm3_stm32f4.a(usb_dwc_common.o)
 .debug_loclists
                0x000000000000ba9c       0x51 /usr/lib/gcc/arm-none-eabi/12.2.0/../../../../arm-none-eabi/lib/thumb/v7e-m+fp/hard/libc.a(libc_a-atoi.o)
 .debug_loclists
                0x000000000000baed      0x534 /usr/lib/gcc/arm-none-eabi/12.2.0/../../../../arm-none-eabi/lib/thumb/v7e-m+fp/hard/libc.a(libc_a-strtol.o)
 .debug_loclists
                0x000000000000c021      0x374 /usr/lib/gcc/arm-none-eabi/12.2.0/../../../../arm-none-eabi/lib/thumb/v7e-m+fp/hard/libc.a(libc_a-strtoul.o)
 .debug_loclists
                0x000000000000c395      0x186 /usr/lib/gcc/arm-none-eabi/12.2.0/../../../../arm-none-eabi/lib/thumb/v7e-m+fp/hard/libc.a(libc_a-memcmp.o)
 .debug_loclists
                0x000000000000c51b      0x1cf /usr/lib/gcc/arm-none-eabi/12.2.0/../../../../arm-none-eabi/lib/thumb/v7e-m+fp/hard/libc.a(libc_a-memset.o)
 .debug_loclists
                0x000000000000c6ea       0x7f /usr/lib/gcc/arm-none-eabi/12.2.0/../../../../arm-none-eabi/lib/thumb/v7e-m+fp/hard/libc.a(libc_a-strcat.o)
 .debug_loclists
                0x000000000000c769      0x178 /usr/lib/gcc/arm-none-eabi/12.2.0/../../../../arm-none-eabi/lib/thumb/v7e-m+fp/hard/libc.a(libc_a-strchr.o)
 .debug_loclists
                0x000000000000c8e1      0x107 /usr/lib/gcc/arm-none-eabi/12.2.0/../../../../arm-none-eabi/lib/thumb/v7e-m+fp/hard/libc.a(libc_a-strncpy.o)
 .debug_loclists
                0x000000000000c9e8       0x4f /usr/lib/gcc/arm-none-eabi/12.2.0/../../../../arm-none-eabi/lib/thumb/v7e-m+fp/hard/libc.a(libc_a-strtok.o)
 .debug_loclists
                0x000000000000ca37      0x152 /usr/lib/gcc/arm-none-eabi/12.2.0/../../../../arm-none-eabi/lib/thumb/v7e-m+fp/hard/libc.a(libc_a-strtok_r.o)
 .debug_loclists
                0x000000000000cb89       0x26 /usr/lib/gcc/arm-none-eabi/12.2.0/../../../../arm-none-eabi/lib/thumb/v7e-m+fp/hard/libc.a(libc_a-strcpy.o)
 .debug_loclists
                0x000000000000cbaf      0x27e /usr/lib/gcc/arm-none-eabi/12.2.0/../../../../arm-none-eabi/lib/thumb/v7e-m+fp/hard/libc.a(libc_a-findfp.o)
 .debug_loclists
                0x000000000000ce2d      0x768 /usr/lib/gcc/arm-none-eabi/12.2.0/thumb/v7e-m+fp/hard/libgcc.a(_udivmoddi4.o)

.debug_aranges  0x0000000000000000     0x1580
 .debug_aranges
                0x0000000000000000       0x20 ./obj/main.o
 .debug_aranges
                0x0000000000000020       0x30 ./obj/cli.o
 .debug_aranges
                0x0000000000000050       0x68 ./obj/sdiosubs.o
 .debug_aranges
                0x00000000000000b8       0x60 ./obj/comm.o
 .debug_aranges
                0x0000000000000118       0x48 ./obj/diskio.o
 .debug_aranges
                0x0000000000000160       0x30 ./obj/ffunicode.o
 .debug_aranges
                0x0000000000000190       0x48 ./obj/miscsubs.o
 .debug_aranges
                0x00000000000001d8       0x98 ./obj/tapedriver.o
 .debug_aranges
                0x0000000000000270       0x80 ./obj/usbcdc.o
 .debug_aranges
                0x00000000000002f0       0x20 ./obj/crc16.o
 .debug_aranges
                0x0000000000000310      0x220 ./obj/ff.o
 .debug_aranges
                0x0000000000000530       0x50 ./obj/filesub.o
 .debug_aranges
                0x0000000000000580       0x58 ./obj/rtcsubs.o
 .debug_aranges
                0x00000000000005d8       0xb8 ./obj/tapeutil.o
 .debug_aranges
                0x0000000000000690       0x38 ./obj/ymodem.o
 .debug_aranges
                0x00000000000006c8      0x170 ../../lib/libopencm3/lib/libopencm3_stm32f4.a(dma_common_f24.o)
 .debug_aranges
                0x0000000000000838       0x50 ../../lib/libopencm3/lib/libopencm3_stm32f4.a(gpio_common_all.o)
 .debug_aranges
                0x0000000000000888       0x30 ../../lib/libopencm3/lib/libopencm3_stm32f4.a(gpio_common_f0234.o)
 .debug_aranges
                0x00000000000008b8       0x90 ../../lib/libopencm3/lib/libopencm3_stm32f4.a(pwr_common_v1.o)
 .debug_aranges
                0x0000000000000948       0x80 ../../lib/libopencm3/lib/libopencm3_stm32f4.a(rcc_common_all.o)
 .debug_aranges
                0x00000000000009c8      0x110 ../../lib/libopencm3/lib/libopencm3_stm32f4.a(rcc.o)
 .debug_aranges
                0x0000000000000ad8       0xd0 ../../lib/libopencm3/lib/libopencm3_stm32f4.a(rtc_common_l1f024.o)
 .debug_aranges
                0x0000000000000ba8       0x38 ../../lib/libopencm3/lib/libopencm3_stm32f4.a(rtc.o)
 .debug_aranges
                0x0000000000000be0      0x278 ../../lib/libopencm3/lib/libopencm3_stm32f4.a(timer_common_all.o)
 .debug_aranges
                0x0000000000000e58       0x90 ../../lib/libopencm3/lib/libopencm3_stm32f4.a(usb.o)
 .debug_aranges
                0x0000000000000ee8       0xa0 ../../lib/libopencm3/lib/libopencm3_stm32f4.a(usb_standard.o)
 .debug_aranges
                0x0000000000000f88       0x60 ../../lib/libopencm3/lib/libopencm3_stm32f4.a(usb_control.o)
 .debug_aranges
                0x0000000000000fe8       0x20 ../../lib/libopencm3/lib/libopencm3_stm32f4.a(usb_f107.o)
 .debug_aranges
                0x0000000000001008       0x30 ../../lib/libopencm3/lib/libopencm3_stm32f4.a(vector.o)
 .debug_aranges
                0x0000000000001038       0x78 ../../lib/libopencm3/lib/libopencm3_stm32f4.a(systick.o)
 .debug_aranges
                0x00000000000010b0       0x60 ../../lib/libopencm3/lib/libopencm3_stm32f4.a(nvic.o)
 .debug_aranges
                0x0000000000001110       0x48 ../../lib/libopencm3/lib/libopencm3_stm32f4.a(exti_common_all.o)
 .debug_aranges
                0x0000000000001158       0x38 ../../lib/libopencm3/lib/libopencm3_stm32f4.a(flash_common_all.o)
 .debug_aranges
                0x0000000000001190       0x48 ../../lib/libopencm3/lib/libopencm3_stm32f4.a(flash_common_idcache.o)
 .debug_aranges
                0x00000000000011d8       0x20 ../../lib/libopencm3/lib/libopencm3_stm32f4.a(pwr.o)
 .debug_aranges
                0x00000000000011f8       0x68 ../../lib/libopencm3/lib/libopencm3_stm32f4.a(usb_dwc_common.o)
 .debug_aranges
                0x0000000000001260       0x28 /usr/lib/gcc/arm-none-eabi/12.2.0/../../../../arm-none-eabi/lib/thumb/v7e-m+fp/hard/libc.a(libc_a-atoi.o)
 .debug_aranges
                0x0000000000001288       0x38 /usr/lib/gcc/arm-none-eabi/12.2.0/../../../../arm-none-eabi/lib/thumb/v7e-m+fp/hard/libc.a(libc_a-strtol.o)
 .debug_aranges
                0x00000000000012c0       0x38 /usr/lib/gcc/arm-none-eabi/12.2.0/../../../../arm-none-eabi/lib/thumb/v7e-m+fp/hard/libc.a(libc_a-strtoul.o)
 .debug_aranges
                0x00000000000012f8       0x18 /usr/lib/gcc/arm-none-eabi/12.2.0/../../../../arm-none-eabi/lib/thumb/v7e-m+fp/hard/libc.a(libc_a-ctype_.o)
 .debug_aranges
                0x0000000000001310       0x20 /usr/lib/gcc/arm-none-eabi/12.2.0/../../../../arm-none-eabi/lib/thumb/v7e-m+fp/hard/libc.a(libc_a-memcmp.o)
 .debug_aranges
                0x0000000000001330       0x20 /usr/lib/gcc/arm-none-eabi/12.2.0/../../../../arm-none-eabi/lib/thumb/v7e-m+fp/hard/libc.a(libc_a-memset.o)
 .debug_aranges
                0x0000000000001350       0x20 /usr/lib/gcc/arm-none-eabi/12.2.0/../../../../arm-none-eabi/lib/thumb/v7e-m+fp/hard/libc.a(libc_a-strcat.o)
 .debug_aranges
                0x0000000000001370       0x20 /usr/lib/gcc/arm-none-eabi/12.2.0/../../../../arm-none-eabi/lib/thumb/v7e-m+fp/hard/libc.a(libc_a-strchr.o)
 .debug_aranges
                0x0000000000001390       0x20 /usr/lib/gcc/arm-none-eabi/12.2.0/../../../../arm-none-eabi/lib/thumb/v7e-m+fp/hard/libc.a(libc_a-strncpy.o)
 .debug_aranges
                0x00000000000013b0       0x20 /usr/lib/gcc/arm-none-eabi/12.2.0/../../../../arm-none-eabi/lib/thumb/v7e-m+fp/hard/libc.a(libc_a-strtok.o)
 .debug_aranges
                0x00000000000013d0       0x28 /usr/lib/gcc/arm-none-eabi/12.2.0/../../../../arm-none-eabi/lib/thumb/v7e-m+fp/hard/libc.a(libc_a-strtok_r.o)
 .debug_aranges
                0x00000000000013f8       0x18 /usr/lib/gcc/arm-none-eabi/12.2.0/../../../../arm-none-eabi/lib/thumb/v7e-m+fp/hard/libc.a(libc_a-impure.o)
 .debug_aranges
                0x0000000000001410       0x20 /usr/lib/gcc/arm-none-eabi/12.2.0/../../../../arm-none-eabi/lib/thumb/v7e-m+fp/hard/libc.a(libc_a-errno.o)
 .debug_aranges
                0x0000000000001430       0x20 /usr/lib/gcc/arm-none-eabi/12.2.0/../../../../arm-none-eabi/lib/thumb/v7e-m+fp/hard/libc.a(libc_a-strcmp.o)
 .debug_aranges
                0x0000000000001450       0x20 /usr/lib/gcc/arm-none-eabi/12.2.0/../../../../arm-none-eabi/lib/thumb/v7e-m+fp/hard/libc.a(libc_a-strcpy.o)
 .debug_aranges
                0x0000000000001470       0x20 /usr/lib/gcc/arm-none-eabi/12.2.0/../../../../arm-none-eabi/lib/thumb/v7e-m+fp/hard/libc.a(libc_a-memcpy.o)
 .debug_aranges
                0x0000000000001490       0x20 /usr/lib/gcc/arm-none-eabi/12.2.0/../../../../arm-none-eabi/lib/thumb/v7e-m+fp/hard/libc.a(libc_a-strlen.o)
 .debug_aranges
                0x00000000000014b0       0x70 /usr/lib/gcc/arm-none-eabi/12.2.0/../../../../arm-none-eabi/lib/thumb/v7e-m+fp/hard/libc.a(libc_a-findfp.o)
 .debug_aranges
                0x0000000000001520       0x20 /usr/lib/gcc/arm-none-eabi/12.2.0/thumb/v7e-m+fp/hard/libgcc.a(_aeabi_uldivmod.o)
 .debug_aranges
                0x0000000000001540       0x20 /usr/lib/gcc/arm-none-eabi/12.2.0/thumb/v7e-m+fp/hard/libgcc.a(_udivmoddi4.o)
 .debug_aranges
                0x0000000000001560       0x20 /usr/lib/gcc/arm-none-eabi/12.2.0/thumb/v7e-m+fp/hard/libgcc.a(_dvmd_tls.o)

.debug_rnglists
                0x0000000000000000     0x1513
 .debug_rnglists
                0x0000000000000000       0x2c ./obj/main.o
 .debug_rnglists
                0x000000000000002c       0x39 ./obj/cli.o
 .debug_rnglists
                0x0000000000000065       0x95 ./obj/sdiosubs.o
 .debug_rnglists
                0x00000000000000fa       0x51 ./obj/comm.o
 .debug_rnglists
                0x000000000000014b       0x31 ./obj/diskio.o
 .debug_rnglists
                0x000000000000017c       0x20 ./obj/ffunicode.o
 .debug_rnglists
                0x000000000000019c       0x7b ./obj/miscsubs.o
 .debug_rnglists
                0x0000000000000217       0x71 ./obj/tapedriver.o
 .debug_rnglists
                0x0000000000000288       0x6b ./obj/usbcdc.o
 .debug_rnglists
                0x00000000000002f3       0x13 ./obj/crc16.o
 .debug_rnglists
                0x0000000000000306      0x435 ./obj/ff.o
 .debug_rnglists
                0x000000000000073b       0x46 ./obj/filesub.o
 .debug_rnglists
                0x0000000000000781       0x5f ./obj/rtcsubs.o
 .debug_rnglists
                0x00000000000007e0       0xdd ./obj/tapeutil.o
 .debug_rnglists
                0x00000000000008bd       0x9d ./obj/ymodem.o
 .debug_rnglists
                0x000000000000095a      0x10f ../../lib/libopencm3/lib/libopencm3_stm32f4.a(dma_common_f24.o)
 .debug_rnglists
                0x0000000000000a69       0x37 ../../lib/libopencm3/lib/libopencm3_stm32f4.a(gpio_common_all.o)
 .debug_rnglists
                0x0000000000000aa0       0x1f ../../lib/libopencm3/lib/libopencm3_stm32f4.a(gpio_common_f0234.o)
 .debug_rnglists
                0x0000000000000abf       0x67 ../../lib/libopencm3/lib/libopencm3_stm32f4.a(pwr_common_v1.o)
 .debug_rnglists
                0x0000000000000b26       0x5b ../../lib/libopencm3/lib/libopencm3_stm32f4.a(rcc_common_all.o)
 .debug_rnglists
                0x0000000000000b81       0xe0 ../../lib/libopencm3/lib/libopencm3_stm32f4.a(rcc.o)
 .debug_rnglists
                0x0000000000000c61       0xbb ../../lib/libopencm3/lib/libopencm3_stm32f4.a(rtc_common_l1f024.o)
 .debug_rnglists
                0x0000000000000d1c       0x25 ../../lib/libopencm3/lib/libopencm3_stm32f4.a(rtc.o)
 .debug_rnglists
                0x0000000000000d41      0x1d6 ../../lib/libopencm3/lib/libopencm3_stm32f4.a(timer_common_all.o)
 .debug_rnglists